Component: ARM Compiler 5.06 update 6 (build 750) Tool: armlink [4d35ed]

==============================================================================

Section Cross References

    startup_stm32f407xx.o(RESET) refers to startup_stm32f407xx.o(STACK) for __initial_sp
    startup_stm32f407xx.o(RESET) refers to startup_stm32f407xx.o(.text) for Reset_Handler
    startup_stm32f407xx.o(RESET) refers to stm32f4xx_it.o(i.NMI_Handler) for NMI_Handler
    startup_stm32f407xx.o(RESET) refers to stm32f4xx_it.o(i.HardFault_Handler) for HardFault_Handler
    startup_stm32f407xx.o(RESET) refers to stm32f4xx_it.o(i.MemManage_Handler) for MemManage_Handler
    startup_stm32f407xx.o(RESET) refers to stm32f4xx_it.o(i.BusFault_Handler) for BusFault_Handler
    startup_stm32f407xx.o(RESET) refers to stm32f4xx_it.o(i.UsageFault_Handler) for UsageFault_Handler
    startup_stm32f407xx.o(RESET) refers to stm32f4xx_it.o(i.SVC_Handler) for SVC_Handler
    startup_stm32f407xx.o(RESET) refers to stm32f4xx_it.o(i.DebugMon_Handler) for DebugMon_Handler
    startup_stm32f407xx.o(RESET) refers to stm32f4xx_it.o(i.PendSV_Handler) for PendSV_Handler
    startup_stm32f407xx.o(RESET) refers to stm32f4xx_it.o(i.SysTick_Handler) for SysTick_Handler
    startup_stm32f407xx.o(RESET) refers to stm32f4xx_it.o(i.USART1_IRQHandler) for USART1_IRQHandler
    startup_stm32f407xx.o(.text) refers to system_stm32f4xx.o(i.SystemInit) for SystemInit
    startup_stm32f407xx.o(.text) refers to entry.o(.ARM.Collect$$$$00000000) for __main
    stmflash.o(i.STMFLASH_Read) refers to stmflash.o(i.STMFLASH_ReadWord) for STMFLASH_ReadWord
    stmflash.o(i.STMFLASH_Write) refers to stm32f4xx_hal_flash.o(i.HAL_FLASH_Unlock) for HAL_FLASH_Unlock
    stmflash.o(i.STMFLASH_Write) refers to stmflash.o(i.STMFLASH_ReadWord) for STMFLASH_ReadWord
    stmflash.o(i.STMFLASH_Write) refers to stmflash.o(i.STMFLASH_GetFlashSector) for STMFLASH_GetFlashSector
    stmflash.o(i.STMFLASH_Write) refers to stm32f4xx_hal_flash_ex.o(i.HAL_FLASHEx_Erase) for HAL_FLASHEx_Erase
    stmflash.o(i.STMFLASH_Write) refers to stm32f4xx_hal_flash.o(i.FLASH_WaitForLastOperation) for FLASH_WaitForLastOperation
    stmflash.o(i.STMFLASH_Write) refers to stm32f4xx_hal_flash.o(i.HAL_FLASH_Program) for HAL_FLASH_Program
    stmflash.o(i.STMFLASH_Write) refers to stm32f4xx_hal_flash.o(i.HAL_FLASH_Lock) for HAL_FLASH_Lock
    iap.o(i.iap_load_app) refers to iap.o(.emb_text) for MSR_MSP
    iap.o(i.iap_load_app) refers to iap.o(.data) for jump_app
    iap.o(i.iap_write_appbin) refers to stmflash.o(i.STMFLASH_Write) for STMFLASH_Write
    iap.o(i.iap_write_appbin) refers to iap.o(.bss) for iapbuf
    kymodem.o(i.crc16_reset) refers to kymodem.o(.bss) for g_frame_state
    kymodem.o(i.crc16_sum) refers to kymodem.o(.bss) for g_frame_state
    kymodem.o(i.parser_frame) refers to kymodem.o(i.crc16_reset) for crc16_reset
    kymodem.o(i.parser_frame) refers to kymodem.o(i.crc16_sum) for crc16_sum
    kymodem.o(i.parser_frame) refers to kymodem.o(i.parser_frame_reset) for parser_frame_reset
    kymodem.o(i.parser_frame) refers to kymodem.o(.bss) for g_frame_state
    kymodem.o(i.parser_frame_reset) refers to kymodem.o(.bss) for g_frame_state
    kymodem.o(i.ymodem_init) refers to memcpya.o(.text) for __aeabi_memcpy4
    kymodem.o(i.ymodem_init) refers to kymodem.o(.bss) for g_ymodem
    kymodem.o(i.ymodem_parser_head) refers to strlen.o(.text) for strlen
    kymodem.o(i.ymodem_parser_head) refers to kymodem.o(i.str_to_u32) for str_to_u32
    kymodem.o(i.ymodem_parser_head) refers to memcpya.o(.text) for __aeabi_memcpy
    kymodem.o(i.ymodem_parser_head) refers to kymodem.o(.bss) for g_modem_rx_packet
    kymodem.o(i.ymodem_reset) refers to memseta.o(.text) for __aeabi_memclr4
    kymodem.o(i.ymodem_reset) refers to kymodem.o(.bss) for g_frame
    kymodem.o(i.ymodem_rx_handle) refers to kymodem.o(i.parser_frame) for parser_frame
    kymodem.o(i.ymodem_rx_handle) refers to kymodem.o(i.ymodem_parser_head) for ymodem_parser_head
    kymodem.o(i.ymodem_rx_handle) refers to drv_com.o(i.drv_com1_write) for drv_com1_write
    kymodem.o(i.ymodem_rx_handle) refers to kymodem.o(i.ymodem_reset) for ymodem_reset
    kymodem.o(i.ymodem_rx_handle) refers to kymodem.o(.data) for g_write_C_disable
    kymodem.o(i.ymodem_rx_handle) refers to kymodem.o(.bss) for g_frame
    kymodem.o(i.ymodem_rx_time_handle) refers to drv_com.o(i.drv_com1_write) for drv_com1_write
    kymodem.o(i.ymodem_rx_time_handle) refers to kymodem.o(.data) for i
    kymodem.o(i.ymodem_tx_data_packet) refers to printfa.o(i.__0printf) for __2printf
    kymodem.o(i.ymodem_tx_data_packet) refers to kymodem.o(i.crc16) for crc16
    kymodem.o(i.ymodem_tx_data_packet) refers to kymodem.o(.bss) for g_modem_tx_packet
    kymodem.o(i.ymodem_tx_end_packet) refers to kymodem.o(.bss) for g_ymodem
    kymodem.o(i.ymodem_tx_handle) refers to kymodem.o(i.ymodem_tx_packet) for ymodem_tx_packet
[...]
    Removing stm32f4xx_hal_rcc.o(i.HAL_RCC_GetOscConfig), (244 bytes).
    Removing stm32f4xx_hal_rcc.o(i.HAL_RCC_GetPCLK1Freq), (32 bytes).
    Removing stm32f4xx_hal_rcc.o(i.HAL_RCC_GetPCLK2Freq), (32 bytes).
    Removing stm32f4xx_hal_rcc.o(i.HAL_RCC_MCOConfig), (192 bytes).
    Removing stm32f4xx_hal_rcc.o(i.HAL_RCC_NMI_IRQHandler), (32 bytes).
    Removing stm32f4xx_hal_rcc_ex.o(.rev16_text), (4 bytes).
    Removing stm32f4xx_hal_rcc_ex.o(.revsh_text), (4 bytes).
    Removing stm32f4xx_hal_rcc_ex.o(.rrx_text), (6 bytes).
    Removing stm32f4xx_hal_rcc_ex.o(i.HAL_RCCEx_DisablePLLI2S), (56 bytes).
    Removing stm32f4xx_hal_rcc_ex.o(i.HAL_RCCEx_EnablePLLI2S), (112 bytes).
    Removing stm32f4xx_hal_rcc_ex.o(i.HAL_RCCEx_GetPeriphCLKConfig), (56 bytes).
    Removing stm32f4xx_hal_rcc_ex.o(i.HAL_RCCEx_GetPeriphCLKFreq), (144 bytes).
    Removing stm32f4xx_hal_rcc_ex.o(i.HAL_RCCEx_PeriphCLKConfig), (416 bytes).
    Removing stm32f4xx_hal_rcc_ex.o(i.HAL_RCC_DeInit), (384 bytes).
    Removing stm32f4xx_hal_flash.o(.rev16_text), (4 bytes).
    Removing stm32f4xx_hal_flash.o(.revsh_text), (4 bytes).
    Removing stm32f4xx_hal_flash.o(.rrx_text), (6 bytes).
    Removing stm32f4xx_hal_flash.o(i.HAL_FLASH_EndOfOperationCallback), (2 bytes).
    Removing stm32f4xx_hal_flash.o(i.HAL_FLASH_GetError), (12 bytes).
    Removing stm32f4xx_hal_flash.o(i.HAL_FLASH_IRQHandler), (272 bytes).
    Removing stm32f4xx_hal_flash.o(i.HAL_FLASH_Lock), (20 bytes).
    Removing stm32f4xx_hal_flash.o(i.HAL_FLASH_OB_Launch), (28 bytes).
    Removing stm32f4xx_hal_flash.o(i.HAL_FLASH_OB_Lock), (20 bytes).
    Removing stm32f4xx_hal_flash.o(i.HAL_FLASH_OB_Unlock), (44 bytes).
    Removing stm32f4xx_hal_flash.o(i.HAL_FLASH_OperationErrorCallback), (2 bytes).
    Removing stm32f4xx_hal_flash.o(i.HAL_FLASH_Program_IT), (136 bytes).
    Removing stm32f4xx_hal_flash_ex.o(.rev16_text), (4 bytes).
    Removing stm32f4xx_hal_flash_ex.o(.revsh_text), (4 bytes).
    Removing stm32f4xx_hal_flash_ex.o(.rrx_text), (6 bytes).
    Removing stm32f4xx_hal_flash_ex.o(i.FLASH_OB_BOR_LevelConfig), (32 bytes).
    Removing stm32f4xx_hal_flash_ex.o(i.FLASH_OB_DisableWRP), (40 bytes).
    Removing stm32f4xx_hal_flash_ex.o(i.FLASH_OB_EnableWRP), (40 bytes).
    Removing stm32f4xx_hal_flash_ex.o(i.FLASH_OB_GetBOR), (16 bytes).
    Removing stm32f4xx_hal_flash_ex.o(i.FLASH_OB_GetRDP), (36 bytes).
    Removing stm32f4xx_hal_flash_ex.o(i.FLASH_OB_GetUser), (16 bytes).
    Removing stm32f4xx_hal_flash_ex.o(i.FLASH_OB_GetWRP), (12 bytes).
    Removing stm32f4xx_hal_flash_ex.o(i.FLASH_OB_RDP_LevelConfig), (32 bytes).
    Removing stm32f4xx_hal_flash_ex.o(i.FLASH_OB_UserConfig), (60 bytes).
    Removing stm32f4xx_hal_flash_ex.o(i.HAL_FLASHEx_Erase_IT), (120 bytes).
    Removing stm32f4xx_hal_flash_ex.o(i.HAL_FLASHEx_OBGetConfig), (34 bytes).
    Removing stm32f4xx_hal_flash_ex.o(i.HAL_FLASHEx_OBProgram), (148 bytes).
    Removing stm32f4xx_hal_flash_ramfunc.o(.rev16_text), (4 bytes).
    Removing stm32f4xx_hal_flash_ramfunc.o(.revsh_text), (4 bytes).
    Removing stm32f4xx_hal_flash_ramfunc.o(.rrx_text), (6 bytes).
    Removing stm32f4xx_hal_gpio.o(.rev16_text), (4 bytes).
    Removing stm32f4xx_hal_gpio.o(.revsh_text), (4 bytes).
    Removing stm32f4xx_hal_gpio.o(.rrx_text), (6 bytes).
    Removing stm32f4xx_hal_gpio.o(i.HAL_GPIO_DeInit), (356 bytes).
    Removing stm32f4xx_hal_gpio.o(i.HAL_GPIO_EXTI_Callback), (2 bytes).
    Removing stm32f4xx_hal_gpio.o(i.HAL_GPIO_EXTI_IRQHandler), (28 bytes).
    Removing stm32f4xx_hal_gpio.o(i.HAL_GPIO_LockPin), (46 bytes).
    Removing stm32f4xx_hal_gpio.o(i.HAL_GPIO_ReadPin), (16 bytes).
    Removing stm32f4xx_hal_gpio.o(i.HAL_GPIO_TogglePin), (18 bytes).
    Removing stm32f4xx_hal_dma_ex.o(.rev16_text), (4 bytes).
    Removing stm32f4xx_hal_dma_ex.o(.revsh_text), (4 bytes).
    Removing stm32f4xx_hal_dma_ex.o(.rrx_text), (6 bytes).
    Removing stm32f4xx_hal_dma_ex.o(i.DMA_MultiBufferSetConfig), (32 bytes).
    Removing stm32f4xx_hal_dma_ex.o(i.HAL_DMAEx_ChangeMemory), (18 bytes).
    Removing stm32f4xx_hal_dma_ex.o(i.HAL_DMAEx_MultiBufferStart), (124 bytes).
    Removing stm32f4xx_hal_dma_ex.o(i.HAL_DMAEx_MultiBufferStart_IT), (4056 bytes).
    Removing stm32f4xx_hal_dma.o(.rev16_text), (4 bytes).
    Removing stm32f4xx_hal_dma.o(.revsh_text), (4 bytes).
    Removing stm32f4xx_hal_dma.o(.rrx_text), (6 bytes).
    Removing stm32f4xx_hal_dma.o(i.DMA_CalcBaseAndBitshift), (52 bytes).
    Removing stm32f4xx_hal_dma.o(i.DMA_CheckFifoParam), (170 bytes).
    Removing stm32f4xx_hal_dma.o(i.DMA_SetConfig), (44 bytes).
    Removing stm32f4xx_hal_dma.o(i.HAL_DMA_Abort), (170 bytes).
    Removing stm32f4xx_hal_dma.o(i.HAL_DMA_Abort_IT), (40 bytes).
    Removing stm32f4xx_hal_dma.o(i.HAL_DMA_DeInit), (112 bytes).
    Removing stm32f4xx_hal_dma.o(i.HAL_DMA_GetError), (6 bytes).
    Removing stm32f4xx_hal_dma.o(i.HAL_DMA_GetState), (8 bytes).
    Removing stm32f4xx_hal_dma.o(i.HAL_DMA_IRQHandler), (576 bytes).
    Removing stm32f4xx_hal_dma.o(i.HAL_DMA_Init), (236 bytes).
    Removing stm32f4xx_hal_dma.o(i.HAL_DMA_PollForTransfer), (346 bytes).
    Removing stm32f4xx_hal_dma.o(i.HAL_DMA_RegisterCallback), (94 bytes).
    Removing stm32f4xx_hal_dma.o(i.HAL_DMA_Start), (102 bytes).
    Removing stm32f4xx_hal_dma.o(i.HAL_DMA_Start_IT), (146 bytes).
    Removing stm32f4xx_hal_dma.o(i.HAL_DMA_UnRegisterCallback), (124 bytes).
    Removing stm32f4xx_hal_dma.o(.constdata), (8 bytes).
    Removing stm32f4xx_hal_pwr.o(.rev16_text), (4 bytes).
    Removing stm32f4xx_hal_pwr.o(.revsh_text), (4 bytes).
    Removing stm32f4xx_hal_pwr.o(.rrx_text), (6 bytes).
    Removing stm32f4xx_hal_pwr.o(i.HAL_PWR_ConfigPVD), (180 bytes).
    Removing stm32f4xx_hal_pwr.o(i.HAL_PWR_DeInit), (28 bytes).
    Removing stm32f4xx_hal_pwr.o(i.HAL_PWR_DisableBkUpAccess), (12 bytes).
    Removing stm32f4xx_hal_pwr.o(i.HAL_PWR_DisablePVD), (12 bytes).
    Removing stm32f4xx_hal_pwr.o(i.HAL_PWR_DisableSEVOnPend), (20 bytes).
    Removing stm32f4xx_hal_pwr.o(i.HAL_PWR_DisableSleepOnExit), (20 bytes).
    Removing stm32f4xx_hal_pwr.o(i.HAL_PWR_DisableWakeUpPin), (16 bytes).
    Removing stm32f4xx_hal_pwr.o(i.HAL_PWR_EnableBkUpAccess), (12 bytes).
    Removing stm32f4xx_hal_pwr.o(i.HAL_PWR_EnablePVD), (12 bytes).
    Removing stm32f4xx_hal_pwr.o(i.HAL_PWR_EnableSEVOnPend), (20 bytes).
    Removing stm32f4xx_hal_pwr.o(i.HAL_PWR_EnableSleepOnExit), (20 bytes).
    Removing stm32f4xx_hal_pwr.o(i.HAL_PWR_EnableWakeUpPin), (16 bytes).
    Removing stm32f4xx_hal_pwr.o(i.HAL_PWR_EnterSLEEPMode), (32 bytes).
    Removing stm32f4xx_hal_pwr.o(i.HAL_PWR_EnterSTANDBYMode), (40 bytes).
    Removing stm32f4xx_hal_pwr.o(i.HAL_PWR_EnterSTOPMode), (64 bytes).
    Removing stm32f4xx_hal_pwr.o(i.HAL_PWR_PVDCallback), (2 bytes).
    Removing stm32f4xx_hal_pwr.o(i.HAL_PWR_PVD_IRQHandler), (32 bytes).
    Removing stm32f4xx_hal_pwr_ex.o(.rev16_text), (4 bytes).
    Removing stm32f4xx_hal_pwr_ex.o(.revsh_text), (4 bytes).
    Removing stm32f4xx_hal_pwr_ex.o(.rrx_text), (6 bytes).
    Removing stm32f4xx_hal_pwr_ex.o(i.HAL_PWREx_ControlVoltageScaling), (120 bytes).
    Removing stm32f4xx_hal_pwr_ex.o(i.HAL_PWREx_DisableBkUpReg), (60 bytes).
    Removing stm32f4xx_hal_pwr_ex.o(i.HAL_PWREx_DisableFlashPowerDown), (12 bytes).
    Removing stm32f4xx_hal_pwr_ex.o(i.HAL_PWREx_EnableBkUpReg), (60 bytes).
    Removing stm32f4xx_hal_pwr_ex.o(i.HAL_PWREx_EnableFlashPowerDown), (12 bytes).
    Removing stm32f4xx_hal_pwr_ex.o(i.HAL_PWREx_GetVoltageRange), (16 bytes).
    Removing stm32f4xx_hal_cortex.o(.rev16_text), (4 bytes).
    Removing stm32f4xx_hal_cortex.o(.revsh_text), (4 bytes).
    Removing stm32f4xx_hal_cortex.o(.rrx_text), (6 bytes).
    Removing stm32f4xx_hal_cortex.o(i.HAL_MPU_ConfigRegion), (92 bytes).
    Removing stm32f4xx_hal_cortex.o(i.HAL_MPU_Disable), (44 bytes).
    Removing stm32f4xx_hal_cortex.o(i.HAL_MPU_Enable), (64 bytes).
    Removing stm32f4xx_hal_cortex.o(i.HAL_NVIC_ClearPendingIRQ), (36 bytes).
    Removing stm32f4xx_hal_cortex.o(i.HAL_NVIC_DisableIRQ), (68 bytes).
    Removing stm32f4xx_hal_cortex.o(i.HAL_NVIC_EnableIRQ), (32 bytes).
    Removing stm32f4xx_hal_cortex.o(i.HAL_NVIC_GetActive), (48 bytes).
    Removing stm32f4xx_hal_cortex.o(i.HAL_NVIC_GetPendingIRQ), (48 bytes).
    Removing stm32f4xx_hal_cortex.o(i.HAL_NVIC_GetPriority), (148 bytes).
    Removing stm32f4xx_hal_cortex.o(i.HAL_NVIC_GetPriorityGrouping), (8 bytes).
    Removing stm32f4xx_hal_cortex.o(i.HAL_NVIC_SetPendingIRQ), (36 bytes).
    Removing stm32f4xx_hal_cortex.o(i.HAL_NVIC_SystemReset), (68 bytes).
    Removing stm32f4xx_hal_cortex.o(i.HAL_SYSTICK_CLKSourceConfig), (40 bytes).
    Removing stm32f4xx_hal_cortex.o(i.HAL_SYSTICK_Callback), (2 bytes).
    Removing stm32f4xx_hal_cortex.o(i.HAL_SYSTICK_IRQHandler), (8 bytes).
    Removing stm32f4xx_hal.o(.rev16_text), (4 bytes).
    Removing stm32f4xx_hal.o(.revsh_text), (4 bytes).
    Removing stm32f4xx_hal.o(.rrx_text), (6 bytes).
    Removing stm32f4xx_hal.o(i.HAL_DBGMCU_DisableDBGSleepMode), (20 bytes).
    Removing stm32f4xx_hal.o(i.HAL_DBGMCU_DisableDBGStandbyMode), (20 bytes).
    Removing stm32f4xx_hal.o(i.HAL_DBGMCU_DisableDBGStopMode), (20 bytes).
    Removing stm32f4xx_hal.o(i.HAL_DBGMCU_EnableDBGSleepMode), (20 bytes).
    Removing stm32f4xx_hal.o(i.HAL_DBGMCU_EnableDBGStandbyMode), (20 bytes).
    Removing stm32f4xx_hal.o(i.HAL_DBGMCU_EnableDBGStopMode), (20 bytes).
    Removing stm32f4xx_hal.o(i.HAL_DeInit), (68 bytes).
    Removing stm32f4xx_hal.o(i.HAL_Delay), (40 bytes).
    Removing stm32f4xx_hal.o(i.HAL_DisableCompensationCell), (12 bytes).
    Removing stm32f4xx_hal.o(i.HAL_EnableCompensationCell), (12 bytes).
    Removing stm32f4xx_hal.o(i.HAL_GetDEVID), (16 bytes).
    Removing stm32f4xx_hal.o(i.HAL_GetHalVersion), (8 bytes).
    Removing stm32f4xx_hal.o(i.HAL_GetREVID), (12 bytes).
    Removing stm32f4xx_hal.o(i.HAL_GetTickFreq), (12 bytes).
    Removing stm32f4xx_hal.o(i.HAL_GetTickPrio), (12 bytes).
    Removing stm32f4xx_hal.o(i.HAL_GetUIDw0), (12 bytes).
    Removing stm32f4xx_hal.o(i.HAL_GetUIDw1), (12 bytes).
    Removing stm32f4xx_hal.o(i.HAL_GetUIDw2), (12 bytes).
    Removing stm32f4xx_hal.o(i.HAL_MspDeInit), (2 bytes).
    Removing stm32f4xx_hal.o(i.HAL_MspInit), (2 bytes).
    Removing stm32f4xx_hal.o(i.HAL_ResumeTick), (18 bytes).
    Removing stm32f4xx_hal.o(i.HAL_SetTickFreq), (48 bytes).
    Removing stm32f4xx_hal.o(i.HAL_SuspendTick), (18 bytes).
    Removing stm32f4xx_hal_exti.o(.rev16_text), (4 bytes).
    Removing stm32f4xx_hal_exti.o(.revsh_text), (4 bytes).
    Removing stm32f4xx_hal_exti.o(.rrx_text), (6 bytes).
    Removing stm32f4xx_hal_exti.o(i.HAL_EXTI_ClearConfigLine), (120 bytes).
    Removing stm32f4xx_hal_exti.o(i.HAL_EXTI_ClearPending), (28 bytes).
    Removing stm32f4xx_hal_exti.o(i.HAL_EXTI_GenerateSWI), (24 bytes).
    Removing stm32f4xx_hal_exti.o(i.HAL_EXTI_GetConfigLine), (176 bytes).
    Removing stm32f4xx_hal_exti.o(i.HAL_EXTI_GetHandle), (14 bytes).
    Removing stm32f4xx_hal_exti.o(i.HAL_EXTI_GetPending), (36 bytes).
    Removing stm32f4xx_hal_exti.o(i.HAL_EXTI_IRQHandler), (44 bytes).
    Removing stm32f4xx_hal_exti.o(i.HAL_EXTI_RegisterCallback), (20 bytes).
    Removing stm32f4xx_hal_exti.o(i.HAL_EXTI_SetConfigLine), (240 bytes).
    Removing stm32f4xx_ll_rcc.o(.rev16_text), (4 bytes).
    Removing stm32f4xx_ll_rcc.o(.revsh_text), (4 bytes).
    Removing stm32f4xx_ll_rcc.o(.rrx_text), (6 bytes).
    Removing stm32f4xx_ll_rcc.o(i.LL_RCC_DeInit), (208 bytes).
    Removing stm32f4xx_ll_rcc.o(i.LL_RCC_GetI2SClockFreq), (72 bytes).
    Removing stm32f4xx_ll_rcc.o(i.LL_RCC_GetRNGClockFreq), (22 bytes).
    Removing stm32f4xx_ll_rcc.o(i.LL_RCC_GetSDIOClockFreq), (28 bytes).
    Removing stm32f4xx_ll_rcc.o(i.LL_RCC_GetUSBClockFreq), (22 bytes).
    Removing stm32f4xx_ll_rcc.o(i.LL_RCC_PLL_IsReady), (16 bytes).
    Removing stm32f4xx_ll_rcc.o(i.RCC_PLLI2S_GetFreqDomain_I2S), (96 bytes).
    Removing stm32f4xx_ll_rcc.o(i.RCC_PLL_GetFreqDomain_48M), (92 bytes).
    Removing stm32f4xx_ll_utils.o(.rev16_text), (4 bytes).
    Removing stm32f4xx_ll_utils.o(.revsh_text), (4 bytes).
    Removing stm32f4xx_ll_utils.o(.rrx_text), (6 bytes).
    Removing stm32f4xx_ll_utils.o(i.LL_Init1msTick), (28 bytes).
    Removing stm32f4xx_ll_utils.o(i.LL_PLL_ConfigSystemClock_HSE), (148 bytes).
    Removing stm32f4xx_ll_utils.o(i.LL_PLL_ConfigSystemClock_HSI), (100 bytes).
    Removing stm32f4xx_ll_utils.o(i.LL_RCC_HSE_IsReady), (16 bytes).
    Removing stm32f4xx_ll_utils.o(i.LL_RCC_HSI_IsReady), (16 bytes).
    Removing stm32f4xx_ll_utils.o(i.LL_RCC_PLL_ConfigDomain_SYS), (48 bytes).
    Removing stm32f4xx_ll_utils.o(i.LL_RCC_PLL_IsReady), (16 bytes).
    Removing stm32f4xx_ll_utils.o(i.LL_SetSystemCoreClock), (12 bytes).
    Removing stm32f4xx_ll_utils.o(i.LL_mDelay), (40 bytes).
    Removing stm32f4xx_ll_utils.o(i.UTILS_EnablePLLAndSwitchSystem), (208 bytes).
    Removing stm32f4xx_ll_utils.o(i.UTILS_GetPLLOutputFrequency), (40 bytes).
    Removing stm32f4xx_ll_utils.o(i.UTILS_PLL_IsBusy), (36 bytes).
    Removing stm32f4xx_ll_utils.o(i.UTILS_SetFlashLatency), (204 bytes).
    Removing stm32f4xx_ll_exti.o(.rev16_text), (4 bytes).
    Removing stm32f4xx_ll_exti.o(.revsh_text), (4 bytes).
    Removing stm32f4xx_ll_exti.o(.rrx_text), (6 bytes).
    Removing stm32f4xx_ll_exti.o(i.LL_EXTI_DeInit), (40 bytes).
    Removing stm32f4xx_ll_exti.o(i.LL_EXTI_DisableEvent_0_31), (16 bytes).
    Removing stm32f4xx_ll_exti.o(i.LL_EXTI_DisableIT_0_31), (16 bytes).
    Removing stm32f4xx_ll_exti.o(i.LL_EXTI_EnableEvent_0_31), (16 bytes).
    Removing stm32f4xx_ll_exti.o(i.LL_EXTI_EnableFallingTrig_0_31), (16 bytes).
    Removing stm32f4xx_ll_exti.o(i.LL_EXTI_EnableIT_0_31), (16 bytes).
    Removing stm32f4xx_ll_exti.o(i.LL_EXTI_EnableRisingTrig_0_31), (16 bytes).
    Removing stm32f4xx_ll_exti.o(i.LL_EXTI_Init), (188 bytes).
    Removing stm32f4xx_ll_exti.o(i.LL_EXTI_StructInit), (14 bytes).
    Removing system_stm32f4xx.o(.rev16_text), (4 bytes).
    Removing system_stm32f4xx.o(.revsh_text), (4 bytes).
    Removing system_stm32f4xx.o(.rrx_text), (6 bytes).
    Removing system_stm32f4xx.o(i.SystemCoreClockUpdate), (192 bytes).

320 unused section(s) (total 28878 bytes) removed from the image.

==============================================================================

Image Symbol Table

    Local Symbols

    Symbol Name                              Value     Ov Type        Size  Object(Section)

    ../Core/Src/gpio.c                       0x00000000   Number         0  gpio.o ABSOLUTE
    ../Core/Src/main.c                       0x00000000   Number         0  main.o ABSOLUTE
    ../Core/Src/stm32f4xx_hal_msp.c          0x00000000   Number         0  stm32f4xx_hal_msp.o ABSOLUTE
    ../Core/Src/stm32f4xx_it.c               0x00000000   Number         0  stm32f4xx_it.o ABSOLUTE
    ../Core/Src/system_stm32f4xx.c           0x00000000   Number         0  system_stm32f4xx.o ABSOLUTE
    ../Core/Src/usart.c                      0x00000000   Number         0  usart.o ABSOLUTE
    ../Drivers/STM32F4xx_HAL_Driver/Src/stm32f4xx_hal.c 0x00000000   Number         0  stm32f4xx_hal.o ABSOLUTE
    ../Drivers/STM32F4xx_HAL_Driver/Src/stm32f4xx_hal_cortex.c 0x00000000   Number         0  stm32f4xx_hal_cortex.o ABSOLUTE
    ../Drivers/STM32F4xx_HAL_Driver/Src/stm32f4xx_hal_dma.c 0x00000000   Number         0  stm32f4xx_hal_dma.o ABSOLUTE
    ../Drivers/STM32F4xx_HAL_Driver/Src/stm32f4xx_hal_dma_ex.c 0x00000000   Number         0  stm32f4xx_hal_dma_ex.o ABSOLUTE
    ../Drivers/STM32F4xx_HAL_Driver/Src/stm32f4xx_hal_exti.c 0x00000000   Number         0  stm32f4xx_hal_exti.o ABSOLUTE
    ../Drivers/STM32F4xx_HAL_Driver/Src/stm32f4xx_hal_flash.c 0x00000000   Number         0  stm32f4xx_hal_flash.o ABSOLUTE
    ../Drivers/STM32F4xx_HAL_Driver/Src/stm32f4xx_hal_flash_ex.c 0x00000000   Number         0  stm32f4xx_hal_flash_ex.o ABSOLUTE
    ../Drivers/STM32F4xx_HAL_Driver/Src/stm32f4xx_hal_flash_ramfunc.c 0x00000000   Number         0  stm32f4xx_hal_flash_ramfunc.o ABSOLUTE
    ../Drivers/STM32F4xx_HAL_Driver/Src/stm32f4xx_hal_gpio.c 0x00000000   Number         0  stm32f4xx_hal_gpio.o ABSOLUTE
    ../Drivers/STM32F4xx_HAL_Driver/Src/stm32f4xx_hal_pwr.c 0x00000000   Number         0  stm32f4xx_hal_pwr.o ABSOLUTE
    ../Drivers/STM32F4xx_HAL_Driver/Src/stm32f4xx_hal_pwr_ex.c 0x00000000   Number         0  stm32f4xx_hal_pwr_ex.o ABSOLUTE
    ../Drivers/STM32F4xx_HAL_Driver/Src/stm32f4xx_hal_rcc.c 0x00000000   Number         0  stm32f4xx_hal_rcc.o ABSOLUTE
    ../Drivers/STM32F4xx_HAL_Driver/Src/stm32f4xx_hal_rcc_ex.c 0x00000000   Number         0  stm32f4xx_hal_rcc_ex.o ABSOLUTE
    ../Drivers/STM32F4xx_HAL_Driver/Src/stm32f4xx_hal_tim.c 0x00000000   Number         0  stm32f4xx_hal_tim.o ABSOLUTE
    ../Drivers/STM32F4xx_HAL_Driver/Src/stm32f4xx_hal_tim_ex.c 0x00000000   Number         0  stm32f4xx_hal_tim_ex.o ABSOLUTE
    ../Drivers/STM32F4xx_HAL_Driver/Src/stm32f4xx_ll_dma.c 0x00000000   Number         0  stm32f4xx_ll_dma.o ABSOLUTE
    ../Drivers/STM32F4xx_HAL_Driver/Src/stm32f4xx_ll_exti.c 0x00000000   Number         0  stm32f4xx_ll_exti.o ABSOLUTE
    ../Drivers/STM32F4xx_HAL_Driver/Src/stm32f4xx_ll_gpio.c 0x00000000   Number         0  stm32f4xx_ll_gpio.o ABSOLUTE
    ../Drivers/STM32F4xx_HAL_Driver/Src/stm32f4xx_ll_rcc.c 0x00000000   Number         0  stm32f4xx_ll_rcc.o ABSOLUTE
    ../Drivers/STM32F4xx_HAL_Driver/Src/stm32f4xx_ll_usart.c 0x00000000   Number         0  stm32f4xx_ll_usart.o ABSOLUTE
    ../Drivers/STM32F4xx_HAL_Driver/Src/stm32f4xx_ll_utils.c 0x00000000   Number         0  stm32f4xx_ll_utils.o ABSOLUTE
    ../clib/microlib/division.c              0x00000000   Number         0  uidiv.o ABSOLUTE
    ../clib/microlib/division.c              0x00000000   Number         0  uldiv.o ABSOLUTE
    ../clib/microlib/init/entry.s            0x00000000   Number         0  entry7a.o ABSOLUTE
    ../clib/microlib/init/entry.s            0x00000000   Number         0  entry11b.o ABSOLUTE
    ../clib/microlib/init/entry.s            0x00000000   Number         0  entry.o ABSOLUTE
    ../clib/microlib/init/entry.s            0x00000000   Number         0  entry9a.o ABSOLUTE
    ../clib/microlib/init/entry.s            0x00000000   Number         0  entry2.o ABSOLUTE
    ../clib/microlib/init/entry.s            0x00000000   Number         0  entry8b.o ABSOLUTE
    ../clib/microlib/init/entry.s            0x00000000   Number         0  entry8a.o ABSOLUTE
    ../clib/microlib/init/entry.s            0x00000000   Number         0  entry10a.o ABSOLUTE
    ../clib/microlib/init/entry.s            0x00000000   Number         0  entry7b.o ABSOLUTE
    ../clib/microlib/init/entry.s            0x00000000   Number         0  entry10b.o ABSOLUTE
    ../clib/microlib/init/entry.s            0x00000000   Number         0  entry5.o ABSOLUTE
    ../clib/microlib/init/entry.s            0x00000000   Number         0  entry9b.o ABSOLUTE
    ../clib/microlib/init/entry.s            0x00000000   Number         0  entry11a.o ABSOLUTE
    ../clib/microlib/longlong.c              0x00000000   Number         0  llsshr.o ABSOLUTE
    ../clib/microlib/longlong.c              0x00000000   Number         0  llushr.o ABSOLUTE
    ../clib/microlib/longlong.c              0x00000000   Number         0  llshl.o ABSOLUTE
    ../clib/microlib/printf/printf.c         0x00000000   Number         0  printf4.o ABSOLUTE
    ../clib/microlib/printf/printf.c         0x00000000   Number         0  printf5.o ABSOLUTE
    ../clib/microlib/printf/printf.c         0x00000000   Number         0  printf6.o ABSOLUTE
    ../clib/microlib/printf/printf.c         0x00000000   Number         0  printf0.o ABSOLUTE
    ../clib/microlib/printf/printf.c         0x00000000   Number         0  printf7.o ABSOLUTE
    ../clib/microlib/printf/printf.c         0x00000000   Number         0  printf2.o ABSOLUTE
    ../clib/microlib/printf/printf.c         0x00000000   Number         0  printf3.o ABSOLUTE
    ../clib/microlib/printf/printf.c         0x00000000   Number         0  printf8.o ABSOLUTE
    ../clib/microlib/printf/printf.c         0x00000000   Number         0  printfa.o ABSOLUTE
    ../clib/microlib/printf/printf.c         0x00000000   Number         0  printfb.o ABSOLUTE
    ../clib/microlib/printf/printf.c         0x00000000   Number         0  printf1.o ABSOLUTE
    ../clib/microlib/printf/stubs.s          0x00000000   Number         0  stubs.o ABSOLUTE
    ../clib/microlib/stdio/streams.c         0x00000000   Number         0  stdout.o ABSOLUTE
    ../clib/microlib/string/memcpy.c         0x00000000   Number         0  memcpyb.o ABSOLUTE
    ../clib/microlib/string/memcpy.c         0x00000000   Number         0  memcpya.o ABSOLUTE
    ../clib/microlib/string/memset.c         0x00000000   Number         0  memseta.o ABSOLUTE
    ../clib/microlib/string/strlen.c         0x00000000   Number         0  strlen.o ABSOLUTE
    ../clib/microlib/stubs.s                 0x00000000   Number         0  iusefp.o ABSOLUTE
    ../fplib/microlib/fpadd.c                0x00000000   Number         0  dadd.o ABSOLUTE
    ../fplib/microlib/fpdiv.c                0x00000000   Number         0  ddiv.o ABSOLUTE
    ../fplib/microlib/fpepilogue.c           0x00000000   Number         0  depilogue.o ABSOLUTE
    ../fplib/microlib/fpfix.c                0x00000000   Number         0  dfixul.o ABSOLUTE
    ../fplib/microlib/fpmul.c                0x00000000   Number         0  dmul.o ABSOLUTE
    ..\Core\Src\dev_com.c                    0x00000000   Number         0  dev_com.o ABSOLUTE
    ..\Core\Src\drv_com.c                    0x00000000   Number         0  drv_com.o ABSOLUTE
    ..\Core\Src\flash_if.c                   0x00000000   Number         0  flash_if.o ABSOLUTE
    ..\Core\Src\gpio.c                       0x00000000   Number         0  gpio.o ABSOLUTE
    ..\Core\Src\iap.c                        0x00000000   Number         0  iap.o ABSOLUTE
    ..\Core\Src\kymodem.c                    0x00000000   Number         0  kymodem.o ABSOLUTE
    ..\Core\Src\main.c                       0x00000000   Number         0  main.o ABSOLUTE
    ..\Core\Src\stm32f4xx_hal_msp.c          0x00000000   Number         0  stm32f4xx_hal_msp.o ABSOLUTE
    ..\Core\Src\stm32f4xx_it.c               0x00000000   Number         0  stm32f4xx_it.o ABSOLUTE
    ..\Core\Src\stmflash.c                   0x00000000   Number         0  stmflash.o ABSOLUTE
    ..\Core\Src\system_stm32f4xx.c           0x00000000   Number         0  system_stm32f4xx.o ABSOLUTE
    ..\Core\Src\usart.c                      0x00000000   Number         0  usart.o ABSOLUTE
    ..\Drivers\STM32F4xx_HAL_Driver\Src\stm32f4xx_hal.c 0x00000000   Number         0  stm32f4xx_hal.o ABSOLUTE
    ..\Drivers\STM32F4xx_HAL_Driver\Src\stm32f4xx_hal_cortex.c 0x00000000   Number         0  stm32f4xx_hal_cortex.o ABSOLUTE
    ..\Drivers\STM32F4xx_HAL_Driver\Src\stm32f4xx_hal_dma.c 0x00000000   Number         0  stm32f4xx_hal_dma.o ABSOLUTE
    ..\Drivers\STM32F4xx_HAL_Driver\Src\stm32f4xx_hal_dma_ex.c 0x00000000   Number         0  stm32f4xx_hal_dma_ex.o ABSOLUTE
    ..\Drivers\STM32F4xx_HAL_Driver\Src\stm32f4xx_hal_exti.c 0x00000000   Number         0  stm32f4xx_hal_exti.o ABSOLUTE
    ..\Drivers\STM32F4xx_HAL_Driver\Src\stm32f4xx_hal_flash.c 0x00000000   Number         0  stm32f4xx_hal_flash.o ABSOLUTE
    ..\Drivers\STM32F4xx_HAL_Driver\Src\stm32f4xx_hal_flash_ex.c 0x00000000   Number         0  stm32f4xx_hal_flash_ex.o ABSOLUTE
    ..\Drivers\STM32F4xx_HAL_Driver\Src\stm32f4xx_hal_flash_ramfunc.c 0x00000000   Number         0  stm32f4xx_hal_flash_ramfunc.o ABSOLUTE
    ..\Drivers\STM32F4xx_HAL_Driver\Src\stm32f4xx_hal_gpio.c 0x00000000   Number         0  stm32f4xx_hal_gpio.o ABSOLUTE
    ..\Drivers\STM32F4xx_HAL_Driver\Src\stm32f4xx_hal_pwr.c 0x00000000   Number         0  stm32f4xx_hal_pwr.o ABSOLUTE
    ..\Drivers\STM32F4xx_HAL_Driver\Src\stm32f4xx_hal_pwr_ex.c 0x00000000   Number         0  stm32f4xx_hal_pwr_ex.o ABSOLUTE
    ..\Drivers\STM32F4xx_HAL_Driver\Src\stm32f4xx_hal_rcc.c 0x00000000   Number         0  stm32f4xx_hal_rcc.o ABSOLUTE
    ..\Drivers\STM32F4xx_HAL_Driver\Src\stm32f4xx_hal_rcc_ex.c 0x00000000   Number         0  stm32f4xx_hal_rcc_ex.o ABSOLUTE
    ..\Drivers\STM32F4xx_HAL_Driver\Src\stm32f4xx_hal_tim.c 0x00000000   Number         0  stm32f4xx_hal_tim.o ABSOLUTE
    ..\Drivers\STM32F4xx_HAL_Driver\Src\stm32f4xx_hal_tim_ex.c 0x00000000   Number         0  stm32f4xx_hal_tim_ex.o ABSOLUTE
    ..\Drivers\STM32F4xx_HAL_Driver\Src\stm32f4xx_ll_dma.c 0x00000000   Number         0  stm32f4xx_ll_dma.o ABSOLUTE
    ..\Drivers\STM32F4xx_HAL_Driver\Src\stm32f4xx_ll_exti.c 0x00000000   Number         0  stm32f4xx_ll_exti.o ABSOLUTE
    ..\Drivers\STM32F4xx_HAL_Driver\Src\stm32f4xx_ll_gpio.c 0x00000000   Number         0  stm32f4xx_ll_gpio.o ABSOLUTE
    ..\Drivers\STM32F4xx_HAL_Driver\Src\stm32f4xx_ll_rcc.c 0x00000000   Number         0  stm32f4xx_ll_rcc.o ABSOLUTE
    ..\Drivers\STM32F4xx_HAL_Driver\Src\stm32f4xx_ll_usart.c 0x00000000   Number         0  stm32f4xx_ll_usart.o ABSOLUTE
    ..\Drivers\STM32F4xx_HAL_Driver\Src\stm32f4xx_ll_utils.c 0x00000000   Number         0  stm32f4xx_ll_utils.o ABSOLUTE
    ..\\Core\\Src\\dev_com.c                 0x00000000   Number         0  dev_com.o ABSOLUTE
    ..\\Core\\Src\\drv_com.c                 0x00000000   Number         0  drv_com.o ABSOLUTE
    ..\\Core\\Src\\flash_if.c                0x00000000   Number         0  flash_if.o ABSOLUTE
    ..\\Core\\Src\\iap.c                     0x00000000   Number         0  iap.o ABSOLUTE
    ..\\Core\\Src\\kymodem.c                 0x00000000   Number         0  kymodem.o ABSOLUTE
    ..\\Core\\Src\\stmflash.c                0x00000000   Number         0  stmflash.o ABSOLUTE
    cdrcmple.s                               0x00000000   Number         0  cdrcmple.o ABSOLUTE
    dc.s                                     0x00000000   Number         0  dc.o ABSOLUTE
    handlers.s                               0x00000000   Number         0  handlers.o ABSOLUTE
    init.s                                   0x00000000   Number         0  init.o ABSOLUTE
    startup_stm32f407xx.s                    0x00000000   Number         0  startup_stm32f407xx.o ABSOLUTE
    RESET                                    0x08000000   Section      392  startup_stm32f407xx.o(RESET)
    .ARM.Collect$$$$00000000                 0x08000188   Section        0  entry.o(.ARM.Collect$$$$00000000)
    .ARM.Collect$$$$00000001                 0x08000188   Section        4  entry2.o(.ARM.Collect$$$$00000001)
    .ARM.Collect$$$$00000004                 0x0800018c   Section        4  entry5.o(.ARM.Collect$$$$00000004)
    .ARM.Collect$$$$00000008                 0x08000190   Section        0  entry7b.o(.ARM.Collect$$$$00000008)
    .ARM.Collect$$$$0000000A                 0x08000190   Section        0  entry8b.o(.ARM.Collect$$$$0000000A)
    .ARM.Collect$$$$0000000B                 0x08000190   Section        8  entry9a.o(.ARM.Collect$$$$0000000B)
    .ARM.Collect$$$$0000000D                 0x08000198   Section        0  entry10a.o(.ARM.Collect$$$$0000000D)
    .ARM.Collect$$$$0000000F                 0x08000198   Section        0  entry11a.o(.ARM.Collect$$$$0000000F)
    .ARM.Collect$$$$00002712                 0x08000198   Section        4  entry2.o(.ARM.Collect$$$$00002712)
    __lit__00000000                          0x08000198   Data           4  entry2.o(.ARM.Collect$$$$00002712)
    .emb_text                                0x0800019c   Section        6  iap.o(.emb_text)
    $v0                                      0x0800019c   Number         0  iap.o(.emb_text)
    .text                                    0x080001a4   Section       36  startup_stm32f407xx.o(.text)
    $v0                                      0x080001a4   Number         0  startup_stm32f407xx.o(.text)
    .text                                    0x080001c8   Section        0  uldiv.o(.text)
    .text                                    0x0800022a   Section        0  memcpya.o(.text)
    .text                                    0x0800024e   Section        0  memseta.o(.text)
    .text                                    0x08000272   Section        0  uidiv.o(.text)
    .text                                    0x0800029e   Section        0  llshl.o(.text)
    .text                                    0x080002bc   Section        0  llushr.o(.text)
    .text                                    0x080002dc   Section        0  iusefp.o(.text)
    .text                                    0x080002dc   Section        0  dadd.o(.text)
    .text                                    0x0800042a   Section        0  dmul.o(.text)
    .text                                    0x0800050e   Section        0  ddiv.o(.text)
    .text                                    0x080005ec   Section        0  dfixul.o(.text)
    .text                                    0x0800061c   Section       48  cdrcmple.o(.text)
    .text                                    0x0800064c   Section       36  init.o(.text)
    .text                                    0x08000670   Section        0  llsshr.o(.text)
    .text                                    0x08000694   Section        0  depilogue.o(.text)
    i.BusFault_Handler                       0x0800074e   Section        0  stm32f4xx_it.o(i.BusFault_Handler)
    i.DebugMon_Handler                       0x08000752   Section        0  stm32f4xx_it.o(i.DebugMon_Handler)
    i.Error_Handler                          0x08000754   Section        0  main.o(i.Error_Handler)
    i.FLASH_Erase_Sector                     0x08000758   Section        0  stm32f4xx_hal_flash_ex.o(i.FLASH_Erase_Sector)
    i.FLASH_FlushCaches                      0x080007b4   Section        0  stm32f4xx_hal_flash_ex.o(i.FLASH_FlushCaches)
    i.FLASH_If_Erase                         0x0800082c   Section        0  flash_if.o(i.FLASH_If_Erase)
    i.FLASH_If_Init                          0x08000864   Section        0  flash_if.o(i.FLASH_If_Init)
    i.FLASH_If_Write                         0x08000878   Section        0  flash_if.o(i.FLASH_If_Write)
    i.FLASH_MassErase                        0x080008c8   Section        0  stm32f4xx_hal_flash_ex.o(i.FLASH_MassErase)
    FLASH_MassErase                          0x080008c9   Thumb Code    42  stm32f4xx_hal_flash_ex.o(i.FLASH_MassErase)
    i.FLASH_Program_Byte                     0x080008f8   Section        0  stm32f4xx_hal_flash.o(i.FLASH_Program_Byte)
    FLASH_Program_Byte                       0x080008f9   Thumb Code    32  stm32f4xx_hal_flash.o(i.FLASH_Program_Byte)
    i.FLASH_Program_DoubleWord               0x0800091c   Section        0  stm32f4xx_hal_flash.o(i.FLASH_Program_DoubleWord)
    FLASH_Program_DoubleWord                 0x0800091d   Thumb Code    56  stm32f4xx_hal_flash.o(i.FLASH_Program_DoubleWord)
    i.FLASH_Program_HalfWord                 0x08000958   Section        0  stm32f4xx_hal_flash.o(i.FLASH_Program_HalfWord)
    FLASH_Program_HalfWord                   0x08000959   Thumb Code    36  stm32f4xx_hal_flash.o(i.FLASH_Program_HalfWord)
    i.FLASH_Program_Word                     0x08000980   Section        0  stm32f4xx_hal_flash.o(i.FLASH_Program_Word)
    FLASH_Program_Word                       0x08000981   Thumb Code    36  stm32f4xx_hal_flash.o(i.FLASH_Program_Word)
    i.FLASH_SetErrorCode                     0x080009a8   Section        0  stm32f4xx_hal_flash.o(i.FLASH_SetErrorCode)
    FLASH_SetErrorCode                       0x080009a9   Thumb Code   142  stm32f4xx_hal_flash.o(i.FLASH_SetErrorCode)
    i.FLASH_WaitForLastOperation             0x08000a40   Section        0  stm32f4xx_hal_flash.o(i.FLASH_WaitForLastOperation)
    i.GetSector                              0x08000aa4   Section        0  flash_if.o(i.GetSector)
    GetSector                                0x08000aa5   Thumb Code   118  flash_if.o(i.GetSector)
    i.HAL_FLASHEx_Erase                      0x08000b38   Section        0  stm32f4xx_hal_flash_ex.o(i.HAL_FLASHEx_Erase)
    i.HAL_FLASH_Program                      0x08000be4   Section        0  stm32f4xx_hal_flash.o(i.HAL_FLASH_Program)
    i.HAL_FLASH_Unlock                       0x08000c7c   Section        0  stm32f4xx_hal_flash.o(i.HAL_FLASH_Unlock)
    i.HAL_GPIO_Init                          0x08000cb0   Section        0  stm32f4xx_hal_gpio.o(i.HAL_GPIO_Init)
    i.HAL_GPIO_WritePin                      0x08000eb0   Section        0  stm32f4xx_hal_gpio.o(i.HAL_GPIO_WritePin)
    i.HAL_GetTick                            0x08000ebc   Section        0  stm32f4xx_hal.o(i.HAL_GetTick)
    i.HAL_IncTick                            0x08000ec8   Section        0  stm32f4xx_hal.o(i.HAL_IncTick)
    i.HAL_Init                               0x08000ee0   Section        0  stm32f4xx_hal.o(i.HAL_Init)
    i.HAL_InitTick                           0x08000f1c   Section        0  stm32f4xx_hal.o(i.HAL_InitTick)
    i.HAL_MspInit                            0x08000f68   Section        0  stm32f4xx_hal_msp.o(i.HAL_MspInit)
    i.HAL_NVIC_SetPriority                   0x08000fb0   Section        0  stm32f4xx_hal_cortex.o(i.HAL_NVIC_SetPriority)
    i.HAL_NVIC_SetPriorityGrouping           0x0800102c   Section        0  stm32f4xx_hal_cortex.o(i.HAL_NVIC_SetPriorityGrouping)
    i.HAL_RCC_ClockConfig                    0x08001054   Section        0  stm32f4xx_hal_rcc.o(i.HAL_RCC_ClockConfig)
    i.HAL_RCC_GetSysClockFreq                0x080011d8   Section        0  stm32f4xx_hal_rcc.o(i.HAL_RCC_GetSysClockFreq)
    i.HAL_RCC_OscConfig                      0x08001288   Section        0  stm32f4xx_hal_rcc.o(i.HAL_RCC_OscConfig)
    i.HAL_SYSTICK_Config                     0x08001710   Section        0  stm32f4xx_hal_cortex.o(i.HAL_SYSTICK_Config)
    i.HardFault_Handler                      0x08001744   Section        0  stm32f4xx_it.o(i.HardFault_Handler)
    i.Int2Str                                0x08001748   Section        0  kymodem.o(i.Int2Str)
    Int2Str                                  0x08001749   Thumb Code    84  kymodem.o(i.Int2Str)
    i.LL_AHB1_GRP1_EnableClock               0x080017a0   Section        0  usart.o(i.LL_AHB1_GRP1_EnableClock)
    LL_AHB1_GRP1_EnableClock                 0x080017a1   Thumb Code    24  usart.o(i.LL_AHB1_GRP1_EnableClock)
    i.LL_GPIO_Init                           0x080017bc   Section        0  stm32f4xx_ll_gpio.o(i.LL_GPIO_Init)
    i.LL_RCC_GetSystemClocksFreq             0x080018f4   Section        0  stm32f4xx_ll_rcc.o(i.LL_RCC_GetSystemClocksFreq)
    i.LL_RCC_PLL_GetN                        0x08001918   Section        0  stm32f4xx_ll_rcc.o(i.LL_RCC_PLL_GetN)
    LL_RCC_PLL_GetN                          0x08001919   Thumb Code    10  stm32f4xx_ll_rcc.o(i.LL_RCC_PLL_GetN)
    i.LL_USART_ConfigAsyncMode               0x08001928   Section        0  usart.o(i.LL_USART_ConfigAsyncMode)
    LL_USART_ConfigAsyncMode                 0x08001929   Thumb Code    18  usart.o(i.LL_USART_ConfigAsyncMode)
    i.LL_USART_Enable                        0x0800193a   Section        0  usart.o(i.LL_USART_Enable)
    LL_USART_Enable                          0x0800193b   Thumb Code    10  usart.o(i.LL_USART_Enable)
    i.LL_USART_Init                          0x08001944   Section        0  stm32f4xx_ll_usart.o(i.LL_USART_Init)
    i.LL_USART_IsActiveFlag_TXE              0x08001a08   Section        0  drv_com.o(i.LL_USART_IsActiveFlag_TXE)
    LL_USART_IsActiveFlag_TXE                0x08001a09   Thumb Code    10  drv_com.o(i.LL_USART_IsActiveFlag_TXE)
    i.LL_USART_IsEnabled                     0x08001a12   Section        0  stm32f4xx_ll_usart.o(i.LL_USART_IsEnabled)
    LL_USART_IsEnabled                       0x08001a13   Thumb Code    10  stm32f4xx_ll_usart.o(i.LL_USART_IsEnabled)
    i.LL_USART_SetBaudRate                   0x08001a1c   Section        0  stm32f4xx_ll_usart.o(i.LL_USART_SetBaudRate)
    LL_USART_SetBaudRate                     0x08001a1d   Thumb Code   440  stm32f4xx_ll_usart.o(i.LL_USART_SetBaudRate)
    i.LL_USART_TransmitData8                 0x08001bd4   Section        0  drv_com.o(i.LL_USART_TransmitData8)
    LL_USART_TransmitData8                   0x08001bd5   Thumb Code     4  drv_com.o(i.LL_USART_TransmitData8)
    i.MX_GPIO_Init                           0x08001bd8   Section        0  gpio.o(i.MX_GPIO_Init)
    i.MX_USART1_UART_Init                    0x08001c8c   Section        0  usart.o(i.MX_USART1_UART_Init)
    i.MX_USART2_UART_Init                    0x08001dc8   Section        0  usart.o(i.MX_USART2_UART_Init)
    i.MemManage_Handler                      0x08001e58   Section        0  stm32f4xx_it.o(i.MemManage_Handler)
    i.NMI_Handler                            0x08001e5c   Section        0  stm32f4xx_it.o(i.NMI_Handler)
    i.PendSV_Handler                         0x08001e5e   Section        0  stm32f4xx_it.o(i.PendSV_Handler)
    i.RCC_GetHCLKClockFreq                   0x08001e60   Section        0  stm32f4xx_ll_rcc.o(i.RCC_GetHCLKClockFreq)
    i.RCC_GetPCLK1ClockFreq                  0x08001e80   Section        0  stm32f4xx_ll_rcc.o(i.RCC_GetPCLK1ClockFreq)
    i.RCC_GetPCLK2ClockFreq                  0x08001ea4   Section        0  stm32f4xx_ll_rcc.o(i.RCC_GetPCLK2ClockFreq)
    i.RCC_GetSystemClockFreq                 0x08001ec8   Section        0  stm32f4xx_ll_rcc.o(i.RCC_GetSystemClockFreq)
    i.RCC_PLL_GetFreqDomain_SYS              0x08001f0c   Section        0  stm32f4xx_ll_rcc.o(i.RCC_PLL_GetFreqDomain_SYS)
    i.SVC_Handler                            0x08001f7c   Section        0  stm32f4xx_it.o(i.SVC_Handler)
    i.SysTick_Handler                        0x08001f7e   Section        0  stm32f4xx_it.o(i.SysTick_Handler)
    i.SystemClock_Config                     0x08001f88   Section        0  main.o(i.SystemClock_Config)
    i.SystemInit                             0x0800203c   Section        0  system_stm32f4xx.o(i.SystemInit)
    i.USART1_IRQHandler                      0x08002058   Section        0  stm32f4xx_it.o(i.USART1_IRQHandler)
    i.UsageFault_Handler                     0x08002080   Section        0  stm32f4xx_it.o(i.UsageFault_Handler)
    i.__0printf                              0x08002084   Section        0  printfa.o(i.__0printf)
    i.__NVIC_GetPriorityGrouping             0x080020a4   Section        0  stm32f4xx_hal_cortex.o(i.__NVIC_GetPriorityGrouping)
    __NVIC_GetPriorityGrouping               0x080020a5   Thumb Code    10  stm32f4xx_hal_cortex.o(i.__NVIC_GetPriorityGrouping)
    i.__NVIC_SetPriority                     0x080020b4   Section        0  stm32f4xx_hal_cortex.o(i.__NVIC_SetPriority)
    __NVIC_SetPriority                       0x080020b5   Thumb Code    32  stm32f4xx_hal_cortex.o(i.__NVIC_SetPriority)
    i.__scatterload_copy                     0x080020dc   Section       14  handlers.o(i.__scatterload_copy)
    i.__scatterload_null                     0x080020ea   Section        2  handlers.o(i.__scatterload_null)
    i.__scatterload_zeroinit                 0x080020ec   Section       14  handlers.o(i.__scatterload_zeroinit)
    i._fp_digits                             0x080020fc   Section        0  printfa.o(i._fp_digits)
    _fp_digits                               0x080020fd   Thumb Code   366  printfa.o(i._fp_digits)
    i._printf_core                           0x08002280   Section        0  printfa.o(i._printf_core)
    _printf_core                             0x08002281   Thumb Code  1744  printfa.o(i._printf_core)
    i._printf_post_padding                   0x0800295c   Section        0  printfa.o(i._printf_post_padding)
    _printf_post_padding                     0x0800295d   Thumb Code    36  printfa.o(i._printf_post_padding)
    i._printf_pre_padding                    0x08002980   Section        0  printfa.o(i._printf_pre_padding)
    _printf_pre_padding                      0x08002981   Thumb Code    46  printfa.o(i._printf_pre_padding)
    i.crc16                                  0x080029ae   Section        0  kymodem.o(i.crc16)
    crc16                                    0x080029af   Thumb Code    64  kymodem.o(i.crc16)
    i.dev_comctrl_buff_init                  0x080029f0   Section        0  dev_com.o(i.dev_comctrl_buff_init)
    dev_comctrl_buff_init                    0x080029f1   Thumb Code    14  dev_com.o(i.dev_comctrl_buff_init)
    i.dev_comctrl_handle                     0x08002a04   Section        0  dev_com.o(i.dev_comctrl_handle)
    i.dev_comctrl_init                       0x08002a10   Section        0  dev_com.o(i.dev_comctrl_init)
    i.dev_comctrl_interrput_rx_handle        0x08002a24   Section        0  dev_com.o(i.dev_comctrl_interrput_rx_handle)
    dev_comctrl_interrput_rx_handle          0x08002a25   Thumb Code    36  dev_com.o(i.dev_comctrl_interrput_rx_handle)
    i.dev_comctrl_regist_rx_callback         0x08002a4c   Section        0  dev_com.o(i.dev_comctrl_regist_rx_callback)
    i.dev_comctrl_rx_handle                  0x08002a58   Section        0  dev_com.o(i.dev_comctrl_rx_handle)
    dev_comctrl_rx_handle                    0x08002a59   Thumb Code   126  dev_com.o(i.dev_comctrl_rx_handle)
    i.dev_comctrl_tx_handle                  0x08002ae4   Section        0  dev_com.o(i.dev_comctrl_tx_handle)
    dev_comctrl_tx_handle                    0x08002ae5   Thumb Code     2  dev_com.o(i.dev_comctrl_tx_handle)
    i.driver_com_regist_reccallback          0x08002ae6   Section        0  drv_com.o(i.driver_com_regist_reccallback)
    i.drv_com1_write                         0x08002af8   Section        0  drv_com.o(i.drv_com1_write)
    i.fputc                                  0x08002b18   Section        0  usart.o(i.fputc)
    i.g_com_rx_callBack                      0x08002b38   Section        0  main.o(i.g_com_rx_callBack)
    i.g_ymodem_rx_data_handle                0x08002b48   Section        0  main.o(i.g_ymodem_rx_data_handle)
    i.g_ymodem_rx_error_handle               0x08002bd0   Section        0  main.o(i.g_ymodem_rx_error_handle)
    i.g_ymodem_rx_finish_handle              0x08002bf8   Section        0  main.o(i.g_ymodem_rx_finish_handle)
    i.g_ymodem_rx_head_handle                0x08002c48   Section        0  main.o(i.g_ymodem_rx_head_handle)
    i.g_ymodem_tx_data_handle                0x08002c78   Section        0  main.o(i.g_ymodem_tx_data_handle)
    i.iap_load_app                           0x08002cd8   Section        0  iap.o(i.iap_load_app)
    i.main                                   0x08002d04   Section        0  main.o(i.main)
    i.sys_com_regist_reccallback             0x08002da8   Section        0  stm32f4xx_it.o(i.sys_com_regist_reccallback)
    i.ymodem_init                            0x08002de8   Section        0  kymodem.o(i.ymodem_init)
    i.ymodem_tx_data_packet                  0x08002dfc   Section        0  kymodem.o(i.ymodem_tx_data_packet)
    ymodem_tx_data_packet                    0x08002dfd   Thumb Code   216  kymodem.o(i.ymodem_tx_data_packet)
    i.ymodem_tx_end_packet                   0x08002eec   Section        0  kymodem.o(i.ymodem_tx_end_packet)
    ymodem_tx_end_packet                     0x08002eed   Thumb Code    54  kymodem.o(i.ymodem_tx_end_packet)
    i.ymodem_tx_handle                       0x08002f28   Section        0  kymodem.o(i.ymodem_tx_handle)
    i.ymodem_tx_head_packet                  0x08002f40   Section        0  kymodem.o(i.ymodem_tx_head_packet)
    i.ymodem_tx_init                         0x08002fe8   Section        0  kymodem.o(i.ymodem_tx_init)
    i.ymodem_tx_packet                       0x0800300c   Section        0  kymodem.o(i.ymodem_tx_packet)
    ymodem_tx_packet                         0x0800300d   Thumb Code   346  kymodem.o(i.ymodem_tx_packet)
    .constdata                               0x08003190   Section       24  system_stm32f4xx.o(.constdata)
    .data                                    0x20000000   Section        4  iap.o(.data)
    .data                                    0x20000004   Section      153  main.o(.data)
    .data                                    0x200000a0   Section       16  stm32f4xx_it.o(.data)
    .data                                    0x200000b0   Section        4  dev_com.o(.data)
    .data                                    0x200000b4   Section        9  stm32f4xx_hal.o(.data)
    .data                                    0x200000c0   Section        4  system_stm32f4xx.o(.data)
    .data                                    0x200000c4   Section        4  stdout.o(.data)
    .bss                                     0x200000c8   Section     3696  kymodem.o(.bss)
    g_tx_buff                                0x20000738   Data        2048  kymodem.o(.bss)
    .bss                                     0x20000f38   Section     8208  dev_com.o(.bss)
    .bss                                     0x20002f48   Section       32  stm32f4xx_hal_flash.o(.bss)
    STACK                                    0x20002f68   Section     8192  startup_stm32f407xx.o(STACK)

    Global Symbols

    Symbol Name                              Value     Ov Type        Size  Object(Section)

    BuildAttributes$$THM_ISAv4$E$P$D$K$B$S$7EM$VFPi3$EXTD16$VFPS$VFMA$PE$A:L22UL41UL21$X:L11$S22US41US21$IEEE1$IW$USESV6$~STKCKD$USESV7$~SHL$OSPACE$ROPI$EBA8$MICROLIB$REQ8$PRES8$EABIv2 0x00000000   Number         0  anon$$obj.o ABSOLUTE
    __ARM_use_no_argv                        0x00000000   Number         0  main.o ABSOLUTE
    _printf_a                                0x00000000   Number         0  stubs.o ABSOLUTE
    _printf_c                                0x00000000   Number         0  stubs.o ABSOLUTE
    _printf_charcount                        0x00000000   Number         0  stubs.o ABSOLUTE
    _printf_d                                0x00000000   Number         0  stubs.o ABSOLUTE
    _printf_e                                0x00000000   Number         0  stubs.o ABSOLUTE
    _printf_f                                0x00000000   Number         0  stubs.o ABSOLUTE
    _printf_flags                            0x00000000   Number         0  stubs.o ABSOLUTE
    _printf_fp_dec                           0x00000000   Number         0  stubs.o ABSOLUTE
    _printf_fp_hex                           0x00000000   Number         0  stubs.o ABSOLUTE
    _printf_g                                0x00000000   Number         0  stubs.o ABSOLUTE
    _printf_i                                0x00000000   Number         0  stubs.o ABSOLUTE
    _printf_int_dec                          0x00000000   Number         0  stubs.o ABSOLUTE
    _printf_l                                0x00000000   Number         0  stubs.o ABSOLUTE
    _printf_lc                               0x00000000   Number         0  stubs.o ABSOLUTE
    _printf_ll                               0x00000000   Number         0  stubs.o ABSOLUTE
    _printf_lld                              0x00000000   Number         0  stubs.o ABSOLUTE
    _printf_lli                              0x00000000   Number         0  stubs.o ABSOLUTE
    _printf_llo                              0x00000000   Number         0  stubs.o ABSOLUTE
    _printf_llu                              0x00000000   Number         0  stubs.o ABSOLUTE
    _printf_llx                              0x00000000   Number         0  stubs.o ABSOLUTE
    _printf_longlong_dec                     0x00000000   Number         0  stubs.o ABSOLUTE
    _printf_longlong_hex                     0x00000000   Number         0  stubs.o ABSOLUTE
    _printf_longlong_oct                     0x00000000   Number         0  stubs.o ABSOLUTE
    _printf_ls                               0x00000000   Number         0  stubs.o ABSOLUTE
    _printf_mbtowc                           0x00000000   Number         0  stubs.o ABSOLUTE
    _printf_n                                0x00000000   Number         0  stubs.o ABSOLUTE
    _printf_o                                0x00000000   Number         0  stubs.o ABSOLUTE
    _printf_p                                0x00000000   Number         0  stubs.o ABSOLUTE
    _printf_percent                          0x00000000   Number         0  stubs.o ABSOLUTE
    _printf_pre_padding                      0x00000000   Number         0  stubs.o ABSOLUTE
    _printf_return_value                     0x00000000   Number         0  stubs.o ABSOLUTE
    _printf_s                                0x00000000   Number         0  stubs.o ABSOLUTE
    _printf_sizespec                         0x00000000   Number         0  stubs.o ABSOLUTE
    _printf_str                              0x00000000   Number         0  stubs.o ABSOLUTE
    _printf_truncate_signed                  0x00000000   Number         0  stubs.o ABSOLUTE
    _printf_truncate_unsigned                0x00000000   Number         0  stubs.o ABSOLUTE
    _printf_u                                0x00000000   Number         0  stubs.o ABSOLUTE
    _printf_wc                               0x00000000   Number         0  stubs.o ABSOLUTE
    _printf_wctomb                           0x00000000   Number         0  stubs.o ABSOLUTE
    _printf_widthprec                        0x00000000   Number         0  stubs.o ABSOLUTE
    _printf_x                                0x00000000   Number         0  stubs.o ABSOLUTE
    __cpp_initialize__aeabi_                  - Undefined Weak Reference
    __cxa_finalize                            - Undefined Weak Reference
    __decompress                              - Undefined Weak Reference
    _clock_init                               - Undefined Weak Reference
    _microlib_exit                            - Undefined Weak Reference
    __Vectors_Size                           0x00000188   Number         0  startup_stm32f407xx.o ABSOLUTE
    __Vectors                                0x08000000   Data           4  startup_stm32f407xx.o(RESET)
    __Vectors_End                            0x08000188   Data           0  startup_stm32f407xx.o(RESET)
    __main                                   0x08000189   Thumb Code     0  entry.o(.ARM.Collect$$$$00000000)
    _main_stk                                0x08000189   Thumb Code     0  entry2.o(.ARM.Collect$$$$00000001)
    _main_scatterload                        0x0800018d   Thumb Code     0  entry5.o(.ARM.Collect$$$$00000004)
    __main_after_scatterload                 0x08000191   Thumb Code     0  entry5.o(.ARM.Collect$$$$00000004)
    _main_clock                              0x08000191   Thumb Code     0  entry7b.o(.ARM.Collect$$$$00000008)
    _main_cpp_init                           0x08000191   Thumb Code     0  entry8b.o(.ARM.Collect$$$$0000000A)
    _main_init                               0x08000191   Thumb Code     0  entry9a.o(.ARM.Collect$$$$0000000B)
    __rt_final_cpp                           0x08000199   Thumb Code     0  entry10a.o(.ARM.Collect$$$$0000000D)
    __rt_final_exit                          0x08000199   Thumb Code     0  entry11a.o(.ARM.Collect$$$$0000000F)
    MSR_MSP                                  0x0800019d   Thumb Code     6  iap.o(.emb_text)
    Reset_Handler                            0x080001a5   Thumb Code     8  startup_stm32f407xx.o(.text)
    ADC_IRQHandler                           0x080001bf   Thumb Code     0  startup_stm32f407xx.o(.text)
    CAN1_RX0_IRQHandler                      0x080001bf   Thumb Code     0  startup_stm32f407xx.o(.text)
    CAN1_RX1_IRQHandler                      0x080001bf   Thumb Code     0  startup_stm32f407xx.o(.text)
    CAN1_SCE_IRQHandler                      0x080001bf   Thumb Code     0  startup_stm32f407xx.o(.text)
    CAN1_TX_IRQHandler                       0x080001bf   Thumb Code     0  startup_stm32f407xx.o(.text)
    CAN2_RX0_IRQHandler                      0x080001bf   Thumb Code     0  startup_stm32f407xx.o(.text)
    CAN2_RX1_IRQHandler                      0x080001bf   Thumb Code     0  startup_stm32f407xx.o(.text)
    CAN2_SCE_IRQHandler                      0x080001bf   Thumb Code     0  startup_stm32f407xx.o(.text)
    CAN2_TX_IRQHandler                       0x080001bf   Thumb Code     0  startup_stm32f407xx.o(.text)
    DCMI_IRQHandler                          0x080001bf   Thumb Code     0  startup_stm32f407xx.o(.text)
    DMA1_Stream0_IRQHandler                  0x080001bf   Thumb Code     0  startup_stm32f407xx.o(.text)
    DMA1_Stream1_IRQHandler                  0x080001bf   Thumb Code     0  startup_stm32f407xx.o(.text)
    DMA1_Stream2_IRQHandler                  0x080001bf   Thumb Code     0  startup_stm32f407xx.o(.text)
    DMA1_Stream3_IRQHandler                  0x080001bf   Thumb Code     0  startup_stm32f407xx.o(.text)
    DMA1_Stream4_IRQHandler                  0x080001bf   Thumb Code     0  startup_stm32f407xx.o(.text)
    DMA1_Stream5_IRQHandler                  0x080001bf   Thumb Code     0  startup_stm32f407xx.o(.text)
    DMA1_Stream6_IRQHandler                  0x080001bf   Thumb Code     0  startup_stm32f407xx.o(.text)
    DMA1_Stream7_IRQHandler                  0x080001bf   Thumb Code     0  startup_stm32f407xx.o(.text)
    DMA2_Stream0_IRQHandler                  0x080001bf   Thumb Code     0  startup_stm32f407xx.o(.text)
    DMA2_Stream1_IRQHandler                  0x080001bf   Thumb Code     0  startup_stm32f407xx.o(.text)
    DMA2_Stream2_IRQHandler                  0x080001bf   Thumb Code     0  startup_stm32f407xx.o(.text)
    DMA2_Stream3_IRQHandler                  0x080001bf   Thumb Code     0  startup_stm32f407xx.o(.text)
    DMA2_Stream4_IRQHandler                  0x080001bf   Thumb Code     0  startup_stm32f407xx.o(.text)
    DMA2_Stream5_IRQHandler                  0x080001bf   Thumb Code     0  startup_stm32f407xx.o(.text)
    DMA2_Stream6_IRQHandler                  0x080001bf   Thumb Code     0  startup_stm32f407xx.o(.text)
    DMA2_Stream7_IRQHandler                  0x080001bf   Thumb Code     0  startup_stm32f407xx.o(.text)
    ETH_IRQHandler                           0x080001bf   Thumb Code     0  startup_stm32f407xx.o(.text)
    ETH_WKUP_IRQHandler                      0x080001bf   Thumb Code     0  startup_stm32f407xx.o(.text)
    EXTI0_IRQHandler                         0x080001bf   Thumb Code     0  startup_stm32f407xx.o(.text)
    EXTI15_10_IRQHandler                     0x080001bf   Thumb Code     0  startup_stm32f407xx.o(.text)
    EXTI1_IRQHandler                         0x080001bf   Thumb Code     0  startup_stm32f407xx.o(.text)
    EXTI2_IRQHandler                         0x080001bf   Thumb Code     0  startup_stm32f407xx.o(.text)
    EXTI3_IRQHandler                         0x080001bf   Thumb Code     0  startup_stm32f407xx.o(.text)
    EXTI4_IRQHandler                         0x080001bf   Thumb Code     0  startup_stm32f407xx.o(.text)
    EXTI9_5_IRQHandler                       0x080001bf   Thumb Code     0  startup_stm32f407xx.o(.text)
    FLASH_IRQHandler                         0x080001bf   Thumb Code     0  startup_stm32f407xx.o(.text)
    FMC_IRQHandler                           0x080001bf   Thumb Code     0  startup_stm32f407xx.o(.text)
    FPU_IRQHandler                           0x080001bf   Thumb Code     0  startup_stm32f407xx.o(.text)
    HASH_RNG_IRQHandler                      0x080001bf   Thumb Code     0  startup_stm32f407xx.o(.text)
    I2C1_ER_IRQHandler                       0x080001bf   Thumb Code     0  startup_stm32f407xx.o(.text)
    I2C1_EV_IRQHandler                       0x080001bf   Thumb Code     0  startup_stm32f407xx.o(.text)
    I2C2_ER_IRQHandler                       0x080001bf   Thumb Code     0  startup_stm32f407xx.o(.text)
    I2C2_EV_IRQHandler                       0x080001bf   Thumb Code     0  startup_stm32f407xx.o(.text)
    I2C3_ER_IRQHandler                       0x080001bf   Thumb Code     0  startup_stm32f407xx.o(.text)
    I2C3_EV_IRQHandler                       0x080001bf   Thumb Code     0  startup_stm32f407xx.o(.text)
    OTG_FS_IRQHandler                        0x080001bf   Thumb Code     0  startup_stm32f407xx.o(.text)
    OTG_FS_WKUP_IRQHandler                   0x080001bf   Thumb Code     0  startup_stm32f407xx.o(.text)
    OTG_HS_EP1_IN_IRQHandler                 0x080001bf   Thumb Code     0  startup_stm32f407xx.o(.text)
    OTG_HS_EP1_OUT_IRQHandler                0x080001bf   Thumb Code     0  startup_stm32f407xx.o(.text)
    OTG_HS_IRQHandler                        0x080001bf   Thumb Code     0  startup_stm32f407xx.o(.text)
    OTG_HS_WKUP_IRQHandler                   0x080001bf   Thumb Code     0  startup_stm32f407xx.o(.text)
    PVD_IRQHandler                           0x080001bf   Thumb Code     0  startup_stm32f407xx.o(.text)
    RCC_IRQHandler                           0x080001bf   Thumb Code     0  startup_stm32f407xx.o(.text)
    RTC_Alarm_IRQHandler                     0x080001bf   Thumb Code     0  startup_stm32f407xx.o(.text)
    RTC_WKUP_IRQHandler                      0x080001bf   Thumb Code     0  startup_stm32f407xx.o(.text)
    SDIO_IRQHandler                          0x080001bf   Thumb Code     0  startup_stm32f407xx.o(.text)
    SPI1_IRQHandler                          0x080001bf   Thumb Code     0  startup_stm32f407xx.o(.text)
    SPI2_IRQHandler                          0x080001bf   Thumb Code     0  startup_stm32f407xx.o(.text)
    SPI3_IRQHandler                          0x080001bf   Thumb Code     0  startup_stm32f407xx.o(.text)
    TAMP_STAMP_IRQHandler                    0x080001bf   Thumb Code     0  startup_stm32f407xx.o(.text)
    TIM1_BRK_TIM9_IRQHandler                 0x080001bf   Thumb Code     0  startup_stm32f407xx.o(.text)
    TIM1_CC_IRQHandler                       0x080001bf   Thumb Code     0  startup_stm32f407xx.o(.text)
    TIM1_TRG_COM_TIM11_IRQHandler            0x080001bf   Thumb Code     0  startup_stm32f407xx.o(.text)
    TIM1_UP_TIM10_IRQHandler                 0x080001bf   Thumb Code     0  startup_stm32f407xx.o(.text)
    TIM2_IRQHandler                          0x080001bf   Thumb Code     0  startup_stm32f407xx.o(.text)
    TIM3_IRQHandler                          0x080001bf   Thumb Code     0  startup_stm32f407xx.o(.text)
    TIM4_IRQHandler                          0x080001bf   Thumb Code     0  startup_stm32f407xx.o(.text)
    TIM5_IRQHandler                          0x080001bf   Thumb Code     0  startup_stm32f407xx.o(.text)
    TIM6_DAC_IRQHandler                      0x080001bf   Thumb Code     0  startup_stm32f407xx.o(.text)
    TIM7_IRQHandler                          0x080001bf   Thumb Code     0  startup_stm32f407xx.o(.text)
    TIM8_BRK_TIM12_IRQHandler                0x080001bf   Thumb Code     0  startup_stm32f407xx.o(.text)
    TIM8_CC_IRQHandler                       0x080001bf   Thumb Code     0  startup_stm32f407xx.o(.text)
    TIM8_TRG_COM_TIM14_IRQHandler            0x080001bf   Thumb Code     0  startup_stm32f407xx.o(.text)
    TIM8_UP_TIM13_IRQHandler                 0x080001bf   Thumb Code     0  startup_stm32f407xx.o(.text)
    UART4_IRQHandler                         0x080001bf   Thumb Code     0  startup_stm32f407xx.o(.text)
    UART5_IRQHandler                         0x080001bf   Thumb Code     0  startup_stm32f407xx.o(.text)
    USART2_IRQHandler                        0x080001bf   Thumb Code     0  startup_stm32f407xx.o(.text)
    USART3_IRQHandler                        0x080001bf   Thumb Code     0  startup_stm32f407xx.o(.text)
    USART6_IRQHandler                        0x080001bf   Thumb Code     0  startup_stm32f407xx.o(.text)
    WWDG_IRQHandler                          0x080001bf   Thumb Code     0  startup_stm32f407xx.o(.text)
    __aeabi_uldivmod                         0x080001c9   Thumb Code    98  uldiv.o(.text)
    __aeabi_memcpy                           0x0800022b   Thumb Code    36  memcpya.o(.text)
    __aeabi_memcpy4                          0x0800022b   Thumb Code     0  memcpya.o(.text)
    __aeabi_memcpy8                          0x0800022b   Thumb Code     0  memcpya.o(.text)
    __aeabi_memset                           0x0800024f   Thumb Code    14  memseta.o(.text)
    __aeabi_memset4                          0x0800024f   Thumb Code     0  memseta.o(.text)
    __aeabi_memset8                          0x0800024f   Thumb Code     0  memseta.o(.text)
    __aeabi_memclr                           0x0800025d   Thumb Code     4  memseta.o(.text)
    __aeabi_memclr4                          0x0800025d   Thumb Code     0  memseta.o(.text)
    __aeabi_memclr8                          0x0800025d   Thumb Code     0  memseta.o(.text)
    _memset$wrapper                          0x08000261   Thumb Code    18  memseta.o(.text)
    __aeabi_uidiv                            0x08000273   Thumb Code     0  uidiv.o(.text)
    __aeabi_uidivmod                         0x08000273   Thumb Code    44  uidiv.o(.text)
    __aeabi_llsl                             0x0800029f   Thumb Code    30  llshl.o(.text)
    _ll_shift_l                              0x0800029f   Thumb Code     0  llshl.o(.text)
    __aeabi_llsr                             0x080002bd   Thumb Code    32  llushr.o(.text)
    _ll_ushift_r                             0x080002bd   Thumb Code     0  llushr.o(.text)
    __I$use$fp                               0x080002dd   Thumb Code     0  iusefp.o(.text)
    __aeabi_dadd                             0x080002dd   Thumb Code   322  dadd.o(.text)
    __aeabi_dsub                             0x0800041f   Thumb Code     6  dadd.o(.text)
    __aeabi_drsub                            0x08000425   Thumb Code     6  dadd.o(.text)
    __aeabi_dmul                             0x0800042b   Thumb Code   228  dmul.o(.text)
    __aeabi_ddiv                             0x0800050f   Thumb Code   222  ddiv.o(.text)
    __aeabi_d2ulz                            0x080005ed   Thumb Code    48  dfixul.o(.text)
    __aeabi_cdrcmple                         0x0800061d   Thumb Code    48  cdrcmple.o(.text)
    __scatterload                            0x0800064d   Thumb Code    28  init.o(.text)
    __scatterload_rt2                        0x0800064d   Thumb Code     0  init.o(.text)
    __aeabi_lasr                             0x08000671   Thumb Code    36  llsshr.o(.text)
    _ll_sshift_r                             0x08000671   Thumb Code     0  llsshr.o(.text)
    _double_round                            0x08000695   Thumb Code    30  depilogue.o(.text)
    _double_epilogue                         0x080006b3   Thumb Code   156  depilogue.o(.text)
    BusFault_Handler                         0x0800074f   Thumb Code     4  stm32f4xx_it.o(i.BusFault_Handler)
    DebugMon_Handler                         0x08000753   Thumb Code     2  stm32f4xx_it.o(i.DebugMon_Handler)
    Error_Handler                            0x08000755   Thumb Code     2  main.o(i.Error_Handler)
    FLASH_Erase_Sector                       0x08000759   Thumb Code    86  stm32f4xx_hal_flash_ex.o(i.FLASH_Erase_Sector)
    FLASH_FlushCaches                        0x080007b5   Thumb Code   114  stm32f4xx_hal_flash_ex.o(i.FLASH_FlushCaches)
    FLASH_If_Erase                           0x0800082d   Thumb Code    52  flash_if.o(i.FLASH_If_Erase)
    FLASH_If_Init                            0x08000865   Thumb Code    14  flash_if.o(i.FLASH_If_Init)
    FLASH_If_Write                           0x08000879   Thumb Code    74  flash_if.o(i.FLASH_If_Write)
    FLASH_WaitForLastOperation               0x08000a41   Thumb Code    90  stm32f4xx_hal_flash.o(i.FLASH_WaitForLastOperation)
    HAL_FLASHEx_Erase                        0x08000b39   Thumb Code   164  stm32f4xx_hal_flash_ex.o(i.HAL_FLASHEx_Erase)
    HAL_FLASH_Program                        0x08000be5   Thumb Code   142  stm32f4xx_hal_flash.o(i.HAL_FLASH_Program)
    HAL_FLASH_Unlock                         0x08000c7d   Thumb Code    38  stm32f4xx_hal_flash.o(i.HAL_FLASH_Unlock)
    HAL_GPIO_Init                            0x08000cb1   Thumb Code   466  stm32f4xx_hal_gpio.o(i.HAL_GPIO_Init)
    HAL_GPIO_WritePin                        0x08000eb1   Thumb Code    12  stm32f4xx_hal_gpio.o(i.HAL_GPIO_WritePin)
    HAL_GetTick                              0x08000ebd   Thumb Code     6  stm32f4xx_hal.o(i.HAL_GetTick)
    HAL_IncTick                              0x08000ec9   Thumb Code    16  stm32f4xx_hal.o(i.HAL_IncTick)
    HAL_Init                                 0x08000ee1   Thumb Code    54  stm32f4xx_hal.o(i.HAL_Init)
    HAL_InitTick                             0x08000f1d   Thumb Code    64  stm32f4xx_hal.o(i.HAL_InitTick)
    HAL_MspInit                              0x08000f69   Thumb Code    68  stm32f4xx_hal_msp.o(i.HAL_MspInit)
    HAL_NVIC_SetPriority                     0x08000fb1   Thumb Code   124  stm32f4xx_hal_cortex.o(i.HAL_NVIC_SetPriority)
    HAL_NVIC_SetPriorityGrouping             0x0800102d   Thumb Code    32  stm32f4xx_hal_cortex.o(i.HAL_NVIC_SetPriorityGrouping)
    HAL_RCC_ClockConfig                      0x08001055   Thumb Code   368  stm32f4xx_hal_rcc.o(i.HAL_RCC_ClockConfig)
    HAL_RCC_GetSysClockFreq                  0x080011d9   Thumb Code   162  stm32f4xx_hal_rcc.o(i.HAL_RCC_GetSysClockFreq)
    HAL_RCC_OscConfig                        0x08001289   Thumb Code  1152  stm32f4xx_hal_rcc.o(i.HAL_RCC_OscConfig)
    HAL_SYSTICK_Config                       0x08001711   Thumb Code    52  stm32f4xx_hal_cortex.o(i.HAL_SYSTICK_Config)
    HardFault_Handler                        0x08001745   Thumb Code     4  stm32f4xx_it.o(i.HardFault_Handler)
    LL_GPIO_Init                             0x080017bd   Thumb Code   312  stm32f4xx_ll_gpio.o(i.LL_GPIO_Init)
    LL_RCC_GetSystemClocksFreq               0x080018f5   Thumb Code    36  stm32f4xx_ll_rcc.o(i.LL_RCC_GetSystemClocksFreq)
    LL_USART_Init                            0x08001945   Thumb Code   170  stm32f4xx_ll_usart.o(i.LL_USART_Init)
    MX_GPIO_Init                             0x08001bd9   Thumb Code   170  gpio.o(i.MX_GPIO_Init)
    MX_USART1_UART_Init                      0x08001c8d   Thumb Code   296  usart.o(i.MX_USART1_UART_Init)
    MX_USART2_UART_Init                      0x08001dc9   Thumb Code   130  usart.o(i.MX_USART2_UART_Init)
    MemManage_Handler                        0x08001e59   Thumb Code     4  stm32f4xx_it.o(i.MemManage_Handler)
    NMI_Handler                              0x08001e5d   Thumb Code     2  stm32f4xx_it.o(i.NMI_Handler)
    PendSV_Handler                           0x08001e5f   Thumb Code     2  stm32f4xx_it.o(i.PendSV_Handler)
    RCC_GetHCLKClockFreq                     0x08001e61   Thumb Code    24  stm32f4xx_ll_rcc.o(i.RCC_GetHCLKClockFreq)
    RCC_GetPCLK1ClockFreq                    0x08001e81   Thumb Code    26  stm32f4xx_ll_rcc.o(i.RCC_GetPCLK1ClockFreq)
    RCC_GetPCLK2ClockFreq                    0x08001ea5   Thumb Code    26  stm32f4xx_ll_rcc.o(i.RCC_GetPCLK2ClockFreq)
    RCC_GetSystemClockFreq                   0x08001ec9   Thumb Code    54  stm32f4xx_ll_rcc.o(i.RCC_GetSystemClockFreq)
    RCC_PLL_GetFreqDomain_SYS                0x08001f0d   Thumb Code   100  stm32f4xx_ll_rcc.o(i.RCC_PLL_GetFreqDomain_SYS)
    SVC_Handler                              0x08001f7d   Thumb Code     2  stm32f4xx_it.o(i.SVC_Handler)
    SysTick_Handler                          0x08001f7f   Thumb Code     8  stm32f4xx_it.o(i.SysTick_Handler)
    SystemClock_Config                       0x08001f89   Thumb Code   172  main.o(i.SystemClock_Config)
    SystemInit                               0x0800203d   Thumb Code    24  system_stm32f4xx.o(i.SystemInit)
    USART1_IRQHandler                        0x08002059   Thumb Code    32  stm32f4xx_it.o(i.USART1_IRQHandler)
    UsageFault_Handler                       0x08002081   Thumb Code     4  stm32f4xx_it.o(i.UsageFault_Handler)
    __0printf                                0x08002085   Thumb Code    22  printfa.o(i.__0printf)
    __1printf                                0x08002085   Thumb Code     0  printfa.o(i.__0printf)
    __2printf                                0x08002085   Thumb Code     0  printfa.o(i.__0printf)
    __c89printf                              0x08002085   Thumb Code     0  printfa.o(i.__0printf)
    printf                                   0x08002085   Thumb Code     0  printfa.o(i.__0printf)
    __scatterload_copy                       0x080020dd   Thumb Code    14  handlers.o(i.__scatterload_copy)
    __scatterload_null                       0x080020eb   Thumb Code     2  handlers.o(i.__scatterload_null)
    __scatterload_zeroinit                   0x080020ed   Thumb Code    14  handlers.o(i.__scatterload_zeroinit)
    dev_comctrl_handle                       0x08002a05   Thumb Code    12  dev_com.o(i.dev_comctrl_handle)
    dev_comctrl_init                         0x08002a11   Thumb Code    16  dev_com.o(i.dev_comctrl_init)
    dev_comctrl_regist_rx_callback           0x08002a4d   Thumb Code     6  dev_com.o(i.dev_comctrl_regist_rx_callback)
    driver_com_regist_reccallback            0x08002ae7   Thumb Code    16  drv_com.o(i.driver_com_regist_reccallback)
    drv_com1_write                           0x08002af9   Thumb Code    26  drv_com.o(i.drv_com1_write)
    fputc                                    0x08002b19   Thumb Code    28  usart.o(i.fputc)
    g_com_rx_callBack                        0x08002b39   Thumb Code    16  main.o(i.g_com_rx_callBack)
    g_ymodem_rx_data_handle                  0x08002b49   Thumb Code    72  main.o(i.g_ymodem_rx_data_handle)
    g_ymodem_rx_error_handle                 0x08002bd1   Thumb Code    14  main.o(i.g_ymodem_rx_error_handle)
    g_ymodem_rx_finish_handle                0x08002bf9   Thumb Code    30  main.o(i.g_ymodem_rx_finish_handle)
    g_ymodem_rx_head_handle                  0x08002c49   Thumb Code    28  main.o(i.g_ymodem_rx_head_handle)
    g_ymodem_tx_data_handle                  0x08002c79   Thumb Code    42  main.o(i.g_ymodem_tx_data_handle)
    iap_load_app                             0x08002cd9   Thumb Code    36  iap.o(i.iap_load_app)
    main                                     0x08002d05   Thumb Code   120  main.o(i.main)
    sys_com_regist_reccallback               0x08002da9   Thumb Code    46  stm32f4xx_it.o(i.sys_com_regist_reccallback)
    ymodem_init                              0x08002de9   Thumb Code    16  kymodem.o(i.ymodem_init)
    ymodem_tx_handle                         0x08002f29   Thumb Code    24  kymodem.o(i.ymodem_tx_handle)
    ymodem_tx_head_packet                    0x08002f41   Thumb Code   164  kymodem.o(i.ymodem_tx_head_packet)
    ymodem_tx_init                           0x08002fe9   Thumb Code    30  kymodem.o(i.ymodem_tx_init)
    AHBPrescTable                            0x08003190   Data          16  system_stm32f4xx.o(.constdata)
    APBPrescTable                            0x080031a0   Data           8  system_stm32f4xx.o(.constdata)
    Region$$Table$$Base                      0x080031a8   Number         0  anon$$obj.o(Region$$Table)
    Region$$Table$$Limit                     0x080031c8   Number         0  anon$$obj.o(Region$$Table)
    jump_app                                 0x20000000   Data           4  iap.o(.data)
    app_addr                                 0x20000004   Data           4  main.o(.data)
    name                                     0x20000008   Data          15  main.o(.data)
    file                                     0x20000017   Data         134  main.o(.data)
    drv_com1_handle                          0x200000a0   Data           4  stm32f4xx_it.o(.data)
    drv_com2_handle                          0x200000a4   Data           4  stm32f4xx_it.o(.data)
    drv_com3_handle                          0x200000a8   Data           4  stm32f4xx_it.o(.data)
    drv_com4_handle                          0x200000ac   Data           4  stm32f4xx_it.o(.data)
    m_com_rev_callBack                       0x200000b0   Data           4  dev_com.o(.data)
    uwTick                                   0x200000b4   Data           4  stm32f4xx_hal.o(.data)
    uwTickPrio                               0x200000b8   Data           4  stm32f4xx_hal.o(.data)
    uwTickFreq                               0x200000bc   Data           1  stm32f4xx_hal.o(.data)
    SystemCoreClock                          0x200000c0   Data           4  system_stm32f4xx.o(.data)
    __stdout                                 0x200000c4   Data           4  stdout.o(.data)
    g_frame                                  0x200000c8   Data        1029  kymodem.o(.bss)
    g_frame_state                            0x200004d0   Data          16  kymodem.o(.bss)
    g_modem_rx_packet                        0x200004e0   Data         288  kymodem.o(.bss)
    g_ymodem                                 0x20000600   Data          24  kymodem.o(.bss)
    g_modem_tx_packet                        0x20000618   Data         288  kymodem.o(.bss)
    m_com_buf                                0x20000f38   Data        8208  dev_com.o(.bss)
    pFlash                                   0x20002f48   Data          32  stm32f4xx_hal_flash.o(.bss)
    __initial_sp                             0x20004f68   Data           0  startup_stm32f407xx.o(STACK)



==============================================================================

Memory Map of the image

  Image Entry point : 0x08000189

  Load Region LR_IROM1 (Base: 0x08000000, Size: 0x00003290, Max: 0x00080000, ABSOLUTE)

    Execution Region ER_IROM1 (Exec base: 0x08000000, Load base: 0x08000000, Size: 0x000031c8, Max: 0x00080000, ABSOLUTE)

    Exec Addr    Load Addr    Size         Type   Attr      Idx    E Section Name        Object

    0x08000000   0x08000000   0x00000188   Data   RO            3    RESET               startup_stm32f407xx.o
    0x08000188   0x08000188   0x00000000   Code   RO         2740  * .ARM.Collect$$$$00000000  mc_w.l(entry.o)
    0x08000188   0x08000188   0x00000004   Code   RO         3014    .ARM.Collect$$$$00000001  mc_w.l(entry2.o)
    0x0800018c   0x0800018c   0x00000004   Code   RO         3017    .ARM.Collect$$$$00000004  mc_w.l(entry5.o)
    0x08000190   0x08000190   0x00000000   Code   RO         3019    .ARM.Collect$$$$00000008  mc_w.l(entry7b.o)
    0x08000190   0x08000190   0x00000000   Code   RO         3021    .ARM.Collect$$$$0000000A  mc_w.l(entry8b.o)
    0x08000190   0x08000190   0x00000008   Code   RO         3022    .ARM.Collect$$$$0000000B  mc_w.l(entry9a.o)
    0x08000198   0x08000198   0x00000000   Code   RO         3024    .ARM.Collect$$$$0000000D  mc_w.l(entry10a.o)
    0x08000198   0x08000198   0x00000000   Code   RO         3026    .ARM.Collect$$$$0000000F  mc_w.l(entry11a.o)
    0x08000198   0x08000198   0x00000004   Code   RO         3015    .ARM.Collect$$$$00002712  mc_w.l(entry2.o)
    0x0800019c   0x0800019c   0x00000006   Code   RO          188    .emb_text           iap.o
    0x080001a2   0x080001a2   0x00000002   PAD
    0x080001a4   0x080001a4   0x00000024   Code   RO            4    .text               startup_stm32f407xx.o
    0x080001c8   0x080001c8   0x00000062   Code   RO         2743    .text               mc_w.l(uldiv.o)
    0x0800022a   0x0800022a   0x00000024   Code   RO         2745    .text               mc_w.l(memcpya.o)
    0x0800024e   0x0800024e   0x00000024   Code   RO         2747    .text               mc_w.l(memseta.o)
    0x08000272   0x08000272   0x0000002c   Code   RO         3029    .text               mc_w.l(uidiv.o)
    0x0800029e   0x0800029e   0x0000001e   Code   RO         3031    .text               mc_w.l(llshl.o)
    0x080002bc   0x080002bc   0x00000020   Code   RO         3033    .text               mc_w.l(llushr.o)
    0x080002dc   0x080002dc   0x00000000   Code   RO         3035    .text               mc_w.l(iusefp.o)
    0x080002dc   0x080002dc   0x0000014e   Code   RO         3036    .text               mf_w.l(dadd.o)
    0x0800042a   0x0800042a   0x000000e4   Code   RO         3038    .text               mf_w.l(dmul.o)
    0x0800050e   0x0800050e   0x000000de   Code   RO         3040    .text               mf_w.l(ddiv.o)
    0x080005ec   0x080005ec   0x00000030   Code   RO         3042    .text               mf_w.l(dfixul.o)
    0x0800061c   0x0800061c   0x00000030   Code   RO         3044    .text               mf_w.l(cdrcmple.o)
    0x0800064c   0x0800064c   0x00000024   Code   RO         3046    .text               mc_w.l(init.o)
    0x08000670   0x08000670   0x00000024   Code   RO         3048    .text               mc_w.l(llsshr.o)
    0x08000694   0x08000694   0x000000ba   Code   RO         3050    .text               mf_w.l(depilogue.o)
    0x0800074e   0x0800074e   0x00000004   Code   RO          678    i.BusFault_Handler  stm32f4xx_it.o
    0x08000752   0x08000752   0x00000002   Code   RO          679    i.DebugMon_Handler  stm32f4xx_it.o
    0x08000754   0x08000754   0x00000002   Code   RO          361    i.Error_Handler     main.o
    0x08000756   0x08000756   0x00000002   PAD
    0x08000758   0x08000758   0x0000005c   Code   RO         1520    i.FLASH_Erase_Sector  stm32f4xx_hal_flash_ex.o
    0x080007b4   0x080007b4   0x00000078   Code   RO         1521    i.FLASH_FlushCaches  stm32f4xx_hal_flash_ex.o
    0x0800082c   0x0800082c   0x00000038   Code   RO          962    i.FLASH_If_Erase    flash_if.o
    0x08000864   0x08000864   0x00000014   Code   RO          964    i.FLASH_If_Init     flash_if.o
    0x08000878   0x08000878   0x00000050   Code   RO          965    i.FLASH_If_Write    flash_if.o
    0x080008c8   0x080008c8   0x00000030   Code   RO         1522    i.FLASH_MassErase   stm32f4xx_hal_flash_ex.o
    0x080008f8   0x080008f8   0x00000024   Code   RO         1402    i.FLASH_Program_Byte  stm32f4xx_hal_flash.o
    0x0800091c   0x0800091c   0x0000003c   Code   RO         1403    i.FLASH_Program_DoubleWord  stm32f4xx_hal_flash.o
    0x08000958   0x08000958   0x00000028   Code   RO         1404    i.FLASH_Program_HalfWord  stm32f4xx_hal_flash.o
    0x08000980   0x08000980   0x00000028   Code   RO         1405    i.FLASH_Program_Word  stm32f4xx_hal_flash.o
    0x080009a8   0x080009a8   0x00000098   Code   RO         1406    i.FLASH_SetErrorCode  stm32f4xx_hal_flash.o
    0x08000a40   0x08000a40   0x00000064   Code   RO         1407    i.FLASH_WaitForLastOperation  stm32f4xx_hal_flash.o
    0x08000aa4   0x08000aa4   0x00000094   Code   RO          967    i.GetSector         flash_if.o
    0x08000b38   0x08000b38   0x000000ac   Code   RO         1532    i.HAL_FLASHEx_Erase  stm32f4xx_hal_flash_ex.o
    0x08000be4   0x08000be4   0x00000098   Code   RO         1416    i.HAL_FLASH_Program  stm32f4xx_hal_flash.o
    0x08000c7c   0x08000c7c   0x00000034   Code   RO         1418    i.HAL_FLASH_Unlock  stm32f4xx_hal_flash.o
    0x08000cb0   0x08000cb0   0x00000200   Code   RO         1646    i.HAL_GPIO_Init     stm32f4xx_hal_gpio.o
    0x08000eb0   0x08000eb0   0x0000000c   Code   RO         1650    i.HAL_GPIO_WritePin  stm32f4xx_hal_gpio.o
    0x08000ebc   0x08000ebc   0x0000000c   Code   RO         2183    i.HAL_GetTick       stm32f4xx_hal.o
    0x08000ec8   0x08000ec8   0x00000018   Code   RO         2189    i.HAL_IncTick       stm32f4xx_hal.o
    0x08000ee0   0x08000ee0   0x0000003c   Code   RO         2190    i.HAL_Init          stm32f4xx_hal.o
    0x08000f1c   0x08000f1c   0x0000004c   Code   RO         2191    i.HAL_InitTick      stm32f4xx_hal.o
    0x08000f68   0x08000f68   0x00000048   Code   RO          772    i.HAL_MspInit       stm32f4xx_hal_msp.o
    0x08000fb0   0x08000fb0   0x0000007c   Code   RO         2041    i.HAL_NVIC_SetPriority  stm32f4xx_hal_cortex.o
    0x0800102c   0x0800102c   0x00000028   Code   RO         2042    i.HAL_NVIC_SetPriorityGrouping  stm32f4xx_hal_cortex.o
    0x08001054   0x08001054   0x00000184   Code   RO         1247    i.HAL_RCC_ClockConfig  stm32f4xx_hal_rcc.o
    0x080011d8   0x080011d8   0x000000b0   Code   RO         1256    i.HAL_RCC_GetSysClockFreq  stm32f4xx_hal_rcc.o
    0x08001288   0x08001288   0x00000488   Code   RO         1259    i.HAL_RCC_OscConfig  stm32f4xx_hal_rcc.o
    0x08001710   0x08001710   0x00000034   Code   RO         2046    i.HAL_SYSTICK_Config  stm32f4xx_hal_cortex.o
    0x08001744   0x08001744   0x00000004   Code   RO          680    i.HardFault_Handler  stm32f4xx_it.o
    0x08001748   0x08001748   0x00000058   Code   RO          230    i.Int2Str           kymodem.o
    0x080017a0   0x080017a0   0x0000001c   Code   RO          611    i.LL_AHB1_GRP1_EnableClock  usart.o
    0x080017bc   0x080017bc   0x00000138   Code   RO         1141    i.LL_GPIO_Init      stm32f4xx_ll_gpio.o
    0x080018f4   0x080018f4   0x00000024   Code   RO         2432    i.LL_RCC_GetSystemClocksFreq  stm32f4xx_ll_rcc.o
    0x08001918   0x08001918   0x00000010   Code   RO         2434    i.LL_RCC_PLL_GetN   stm32f4xx_ll_rcc.o
    0x08001928   0x08001928   0x00000012   Code   RO          612    i.LL_USART_ConfigAsyncMode  usart.o
    0x0800193a   0x0800193a   0x0000000a   Code   RO          613    i.LL_USART_Enable   usart.o
    0x08001944   0x08001944   0x000000c4   Code   RO         1061    i.LL_USART_Init     stm32f4xx_ll_usart.o
    0x08001a08   0x08001a08   0x0000000a   Code   RO          798    i.LL_USART_IsActiveFlag_TXE  drv_com.o
    0x08001a12   0x08001a12   0x0000000a   Code   RO         1062    i.LL_USART_IsEnabled  stm32f4xx_ll_usart.o
    0x08001a1c   0x08001a1c   0x000001b8   Code   RO         1063    i.LL_USART_SetBaudRate  stm32f4xx_ll_usart.o
    0x08001bd4   0x08001bd4   0x00000004   Code   RO          799    i.LL_USART_TransmitData8  drv_com.o
    0x08001bd8   0x08001bd8   0x000000b4   Code   RO          582    i.MX_GPIO_Init      gpio.o
    0x08001c8c   0x08001c8c   0x0000013c   Code   RO          614    i.MX_USART1_UART_Init  usart.o
    0x08001dc8   0x08001dc8   0x00000090   Code   RO          615    i.MX_USART2_UART_Init  usart.o
    0x08001e58   0x08001e58   0x00000004   Code   RO          681    i.MemManage_Handler  stm32f4xx_it.o
    0x08001e5c   0x08001e5c   0x00000002   Code   RO          682    i.NMI_Handler       stm32f4xx_it.o
    0x08001e5e   0x08001e5e   0x00000002   Code   RO          683    i.PendSV_Handler    stm32f4xx_it.o
    0x08001e60   0x08001e60   0x00000020   Code   RO         2436    i.RCC_GetHCLKClockFreq  stm32f4xx_ll_rcc.o
    0x08001e80   0x08001e80   0x00000024   Code   RO         2437    i.RCC_GetPCLK1ClockFreq  stm32f4xx_ll_rcc.o
    0x08001ea4   0x08001ea4   0x00000024   Code   RO         2438    i.RCC_GetPCLK2ClockFreq  stm32f4xx_ll_rcc.o
    0x08001ec8   0x08001ec8   0x00000044   Code   RO         2439    i.RCC_GetSystemClockFreq  stm32f4xx_ll_rcc.o
    0x08001f0c   0x08001f0c   0x00000070   Code   RO         2442    i.RCC_PLL_GetFreqDomain_SYS  stm32f4xx_ll_rcc.o
    0x08001f7c   0x08001f7c   0x00000002   Code   RO          684    i.SVC_Handler       stm32f4xx_it.o
    0x08001f7e   0x08001f7e   0x00000008   Code   RO          685    i.SysTick_Handler   stm32f4xx_it.o
    0x08001f86   0x08001f86   0x00000002   PAD
    0x08001f88   0x08001f88   0x000000b4   Code   RO          362    i.SystemClock_Config  main.o
    0x0800203c   0x0800203c   0x0000001c   Code   RO         2707    i.SystemInit        system_stm32f4xx.o
    0x08002058   0x08002058   0x00000028   Code   RO          686    i.USART1_IRQHandler  stm32f4xx_it.o
    0x08002080   0x08002080   0x00000004   Code   RO          687    i.UsageFault_Handler  stm32f4xx_it.o
    0x08002084   0x08002084   0x00000020   Code   RO         2986    i.__0printf         mc_w.l(printfa.o)
    0x080020a4   0x080020a4   0x00000010   Code   RO         2048    i.__NVIC_GetPriorityGrouping  stm32f4xx_hal_cortex.o
    0x080020b4   0x080020b4   0x00000028   Code   RO         2049    i.__NVIC_SetPriority  stm32f4xx_hal_cortex.o
    0x080020dc   0x080020dc   0x0000000e   Code   RO         3054    i.__scatterload_copy  mc_w.l(handlers.o)
    0x080020ea   0x080020ea   0x00000002   Code   RO         3055    i.__scatterload_null  mc_w.l(handlers.o)
    0x080020ec   0x080020ec   0x0000000e   Code   RO         3056    i.__scatterload_zeroinit  mc_w.l(handlers.o)
    0x080020fa   0x080020fa   0x00000002   PAD
    0x080020fc   0x080020fc   0x00000184   Code   RO         2993    i._fp_digits        mc_w.l(printfa.o)
    0x08002280   0x08002280   0x000006dc   Code   RO         2994    i._printf_core      mc_w.l(printfa.o)
    0x0800295c   0x0800295c   0x00000024   Code   RO         2995    i._printf_post_padding  mc_w.l(printfa.o)
    0x08002980   0x08002980   0x0000002e   Code   RO         2996    i._printf_pre_padding  mc_w.l(printfa.o)
    0x080029ae   0x080029ae   0x00000040   Code   RO          231    i.crc16             kymodem.o
    0x080029ee   0x080029ee   0x00000002   PAD
    0x080029f0   0x080029f0   0x00000014   Code   RO          898    i.dev_comctrl_buff_init  dev_com.o
    0x08002a04   0x08002a04   0x0000000c   Code   RO          899    i.dev_comctrl_handle  dev_com.o
    0x08002a10   0x08002a10   0x00000014   Code   RO          900    i.dev_comctrl_init  dev_com.o
    0x08002a24   0x08002a24   0x00000028   Code   RO          901    i.dev_comctrl_interrput_rx_handle  dev_com.o
    0x08002a4c   0x08002a4c   0x0000000c   Code   RO          902    i.dev_comctrl_regist_rx_callback  dev_com.o
    0x08002a58   0x08002a58   0x0000008c   Code   RO          903    i.dev_comctrl_rx_handle  dev_com.o
    0x08002ae4   0x08002ae4   0x00000002   Code   RO          904    i.dev_comctrl_tx_handle  dev_com.o
    0x08002ae6   0x08002ae6   0x00000010   Code   RO          801    i.driver_com_regist_reccallback  drv_com.o
    0x08002af6   0x08002af6   0x00000002   PAD
    0x08002af8   0x08002af8   0x00000020   Code   RO          803    i.drv_com1_write    drv_com.o
    0x08002b18   0x08002b18   0x00000020   Code   RO          616    i.fputc             usart.o
    0x08002b38   0x08002b38   0x00000010   Code   RO          363    i.g_com_rx_callBack  main.o
    0x08002b48   0x08002b48   0x00000088   Code   RO          364    i.g_ymodem_rx_data_handle  main.o
    0x08002bd0   0x08002bd0   0x00000028   Code   RO          365    i.g_ymodem_rx_error_handle  main.o
    0x08002bf8   0x08002bf8   0x00000050   Code   RO          366    i.g_ymodem_rx_finish_handle  main.o
    0x08002c48   0x08002c48   0x00000030   Code   RO          367    i.g_ymodem_rx_head_handle  main.o
    0x08002c78   0x08002c78   0x00000060   Code   RO          368    i.g_ymodem_tx_data_handle  main.o
    0x08002cd8   0x08002cd8   0x0000002c   Code   RO          189    i.iap_load_app      iap.o
    0x08002d04   0x08002d04   0x000000a4   Code   RO          369    i.main              main.o
    0x08002da8   0x08002da8   0x00000040   Code   RO          688    i.sys_com_regist_reccallback  stm32f4xx_it.o
    0x08002de8   0x08002de8   0x00000014   Code   RO          237    i.ymodem_init       kymodem.o
    0x08002dfc   0x08002dfc   0x000000f0   Code   RO          242    i.ymodem_tx_data_packet  kymodem.o
    0x08002eec   0x08002eec   0x0000003c   Code   RO          243    i.ymodem_tx_end_packet  kymodem.o
    0x08002f28   0x08002f28   0x00000018   Code   RO          244    i.ymodem_tx_handle  kymodem.o
    0x08002f40   0x08002f40   0x000000a8   Code   RO          245    i.ymodem_tx_head_packet  kymodem.o
    0x08002fe8   0x08002fe8   0x00000024   Code   RO          246    i.ymodem_tx_init    kymodem.o
    0x0800300c   0x0800300c   0x00000184   Code   RO          247    i.ymodem_tx_packet  kymodem.o
    0x08003190   0x08003190   0x00000018   Data   RO         2708    .constdata          system_stm32f4xx.o
    0x080031a8   0x080031a8   0x00000020   Data   RO         3052    Region$$Table       anon$$obj.o


    Execution Region RW_IRAM1 (Exec base: 0x20000000, Load base: 0x080031c8, Size: 0x00004f68, Max: 0x00020000, ABSOLUTE)

    Exec Addr    Load Addr    Size         Type   Attr      Idx    E Section Name        Object

    0x20000000   0x080031c8   0x00000004   Data   RW          193    .data               iap.o
    0x20000004   0x080031cc   0x00000099   Data   RW          371    .data               main.o
    0x2000009d   0x08003265   0x00000003   PAD
    0x200000a0   0x08003268   0x00000010   Data   RW          690    .data               stm32f4xx_it.o
    0x200000b0   0x08003278   0x00000004   Data   RW          907    .data               dev_com.o
    0x200000b4   0x0800327c   0x00000009   Data   RW         2197    .data               stm32f4xx_hal.o
    0x200000bd   0x08003285   0x00000003   PAD
    0x200000c0   0x08003288   0x00000004   Data   RW         2709    .data               system_stm32f4xx.o
    0x200000c4   0x0800328c   0x00000004   Data   RW         3028    .data               mc_w.l(stdout.o)
    0x200000c8        -       0x00000e70   Zero   RW          248    .bss                kymodem.o
    0x20000f38        -       0x00002010   Zero   RW          905    .bss                dev_com.o
    0x20002f48        -       0x00000020   Zero   RW         1419    .bss                stm32f4xx_hal_flash.o
    0x20002f68        -       0x00002000   Zero   RW            1    STACK               startup_stm32f407xx.o


==============================================================================

Image component sizes


      Code (inc. data)   RO Data    RW Data    ZI Data      Debug   Object Name

       246         34          0          4       8208       4604   dev_com.o
        62          6          0          0          0      14313   drv_com.o
       304         46          0          0          0       2874   flash_if.o
       180         10          0          0          0        955   gpio.o
        50          8          0          4          0       1445   iap.o
      1088         98          0          0       3696      10435   kymodem.o
       762        266          0        153          0     658998   main.o
        36          8        392          0       8192        812   startup_stm32f407xx.o
       172         32          0          9          0       8705   stm32f4xx_hal.o
       272         22          0          0          0      33734   stm32f4xx_hal_cortex.o
       632         60          0          0         32       5353   stm32f4xx_hal_flash.o
       432         26          0          0          0       3222   stm32f4xx_hal_flash_ex.o
       524         46          0          0          0       2284   stm32f4xx_hal_gpio.o
        72          4          0          0          0        842   stm32f4xx_hal_msp.o
      1724         58          0          0          0       3860   stm32f4xx_hal_rcc.o
       136         26          0         16          0      18337   stm32f4xx_it.o
       312          0          0          0          0       7303   stm32f4xx_ll_gpio.o
       336         60          0          0          0      28205   stm32f4xx_ll_rcc.o
       646         26          0          0          0      16580   stm32f4xx_ll_usart.o
         0          0          0          0          0     682292   stmflash.o
        28          4         24          4          0       1127   system_stm32f4xx.o
       548         42          0          0          0      53503   usart.o

    ----------------------------------------------------------------------
      8572        882        448        196      20128    1559783   Object Totals
         0          0         32          0          0          0   (incl. Generated)
        10          0          0          6          0          0   (incl. Padding)

    ----------------------------------------------------------------------

      Code (inc. data)   RO Data    RW Data    ZI Data      Debug   Library Member Name

         0          0          0          0          0          0   entry.o
         0          0          0          0          0          0   entry10a.o
         0          0          0          0          0          0   entry11a.o
         8          4          0          0          0          0   entry2.o
         4          0          0          0          0          0   entry5.o
         0          0          0          0          0          0   entry7b.o
         0          0          0          0          0          0   entry8b.o
         8          4          0          0          0          0   entry9a.o
        30          0          0          0          0          0   handlers.o
        36          8          0          0          0         68   init.o
         0          0          0          0          0          0   iusefp.o
        30          0          0          0          0         68   llshl.o
        36          0          0          0          0         68   llsshr.o
        32          0          0          0          0         68   llushr.o
        36          0          0          0          0         68   memcpya.o
        36          0          0          0          0        108   memseta.o
      2258         90          0          0          0        452   printfa.o
         0          0          0          4          0          0   stdout.o
        44          0          0          0          0         80   uidiv.o
        98          0          0          0          0         92   uldiv.o
        48          0          0          0          0         68   cdrcmple.o
       334          0          0          0          0        148   dadd.o
       222          0          0          0          0        100   ddiv.o
       186          0          0          0          0        176   depilogue.o
        48          0          0          0          0         68   dfixul.o
       228          0          0          0          0         96   dmul.o

    ----------------------------------------------------------------------
      3724        106          0          4          0       1728   Library Totals
         2          0          0          0          0          0   (incl. Padding)

    ----------------------------------------------------------------------

      Code (inc. data)   RO Data    RW Data    ZI Data      Debug   Library Name

      2656        106          0          4          0       1072   mc_w.l
      1066          0          0          0          0        656   mf_w.l

    ----------------------------------------------------------------------
      3724        106          0          4          0       1728   Library Totals

    ----------------------------------------------------------------------

==============================================================================


      Code (inc. data)   RO Data    RW Data    ZI Data      Debug   

     12296        988        448        200      20128    1552231   Grand Totals
     12296        988        448        200      20128    1552231   ELF Image Totals
     12296        988        448        200          0          0   ROM Totals

==============================================================================

    Total RO  Size (Code + RO Data)                12744 (  12.45kB)
    Total RW  Size (RW Data + ZI Data)             20328 (  19.85kB)
    Total ROM Size (Code + RO Data + RW Data)      12944 (  12.64kB)

==============================================================================

